PH multlib NULL C:/cygwin64/home/grlib-asistmmu-aes/lib/grlib/modgen/multlib.vhd sub00/vhpl10 1590169020
EN multiplier_18_18 NULL C:/cygwin64/home/grlib-asistmmu-aes/lib/grlib/modgen/leaves.vhd sub01/vhpl108 1590169118
EN prestage_64 NULL C:/cygwin64/home/grlib-asistmmu-aes/lib/grlib/modgen/leaves.vhd sub00/vhpl42 1590169052
EN dma2ahb NULL C:/cygwin64/home/grlib-asistmmu-aes/lib/grlib/amba/dma2ahb.vhd sub01/vhpl144 1590169154
AR block0 block0_regular C:/cygwin64/home/grlib-asistmmu-aes/lib/grlib/modgen/leaves.vhd sub00/vhpl33 1590169043
AR mul_33_33 a C:/cygwin64/home/grlib-asistmmu-aes/lib/grlib/modgen/leaves.vhd sub01/vhpl133 1590169143
AR dblc_5_64 dblc_5 C:/cygwin64/home/grlib-asistmmu-aes/lib/grlib/modgen/leaves.vhd sub00/vhpl55 1590169065
EN boothcoder_34_10 NULL C:/cygwin64/home/grlib-asistmmu-aes/lib/grlib/modgen/leaves.vhd sub01/vhpl110 1590169120
AR dblcadder_32_32 dblcadder C:/cygwin64/home/grlib-asistmmu-aes/lib/grlib/modgen/leaves.vhd sub00/vhpl81 1590169091
AR full_adder full_adder C:/cygwin64/home/grlib-asistmmu-aes/lib/grlib/modgen/leaves.vhd sub00/vhpl25 1590169035
EN invblock NULL C:/cygwin64/home/grlib-asistmmu-aes/lib/grlib/modgen/leaves.vhd sub00/vhpl28 1590169038
AR dblc_0_32 dblc_0 C:/cygwin64/home/grlib-asistmmu-aes/lib/grlib/modgen/leaves.vhd sub00/vhpl65 1590169075
EN boothcoder_34_18 NULL C:/cygwin64/home/grlib-asistmmu-aes/lib/grlib/modgen/leaves.vhd sub01/vhpl118 1590169128
EN dblc_3_32 NULL C:/cygwin64/home/grlib-asistmmu-aes/lib/grlib/modgen/leaves.vhd sub00/vhpl70 1590169080
EN dblc_5_128 NULL C:/cygwin64/home/grlib-asistmmu-aes/lib/grlib/modgen/leaves.vhd sub00/vhpl94 1590169104
AR mul_17_17 a C:/cygwin64/home/grlib-asistmmu-aes/lib/grlib/modgen/leaves.vhd sub01/vhpl137 1590169147
PH config NULL C:/cygwin64/home/grlib-asistmmu-aes/designs/leon3-xilinx-ml50x/grlib_config.vhd sub00/vhpl02 1590169012
EN boothcoder_34_34 NULL C:/cygwin64/home/grlib-asistmmu-aes/lib/grlib/modgen/leaves.vhd sub01/vhpl126 1590169136
PH version NULL C:/cygwin64/home/grlib-asistmmu-aes/lib/grlib/stdlib/version.vhd sub00/vhpl00 1590169010
EN pp_low NULL C:/cygwin64/home/grlib-asistmmu-aes/lib/grlib/modgen/leaves.vhd sub00/vhpl14 1590169024
EN dblc_1_128 NULL C:/cygwin64/home/grlib-asistmmu-aes/lib/grlib/modgen/leaves.vhd sub00/vhpl86 1590169096
EN dblc_0_32 NULL C:/cygwin64/home/grlib-asistmmu-aes/lib/grlib/modgen/leaves.vhd sub00/vhpl64 1590169074
AR dblc_1_32 dblc_1 C:/cygwin64/home/grlib-asistmmu-aes/lib/grlib/modgen/leaves.vhd sub00/vhpl67 1590169077
AR dblc_5_128 dblc_5 C:/cygwin64/home/grlib-asistmmu-aes/lib/grlib/modgen/leaves.vhd sub00/vhpl95 1590169105
EN dblc_3_64 NULL C:/cygwin64/home/grlib-asistmmu-aes/lib/grlib/modgen/leaves.vhd sub00/vhpl50 1590169060
AR ahbctrl rtl C:/cygwin64/home/grlib-asistmmu-aes/lib/grlib/amba/ahbctrl.vhd sub01/vhpl143 1590169153
EN boothcoder_18_18 NULL C:/cygwin64/home/grlib-asistmmu-aes/lib/grlib/modgen/leaves.vhd sub01/vhpl104 1590169114
EN block0 NULL C:/cygwin64/home/grlib-asistmmu-aes/lib/grlib/modgen/leaves.vhd sub00/vhpl32 1590169042
AR dblc_3_128 dblc_3 C:/cygwin64/home/grlib-asistmmu-aes/lib/grlib/modgen/leaves.vhd sub00/vhpl91 1590169101
EN half_adder NULL C:/cygwin64/home/grlib-asistmmu-aes/lib/grlib/modgen/leaves.vhd sub00/vhpl26 1590169036
EN dblc_0_64 NULL C:/cygwin64/home/grlib-asistmmu-aes/lib/grlib/modgen/leaves.vhd sub00/vhpl44 1590169054
EN block1 NULL C:/cygwin64/home/grlib-asistmmu-aes/lib/grlib/modgen/leaves.vhd sub00/vhpl34 1590169044
EN block2 NULL C:/cygwin64/home/grlib-asistmmu-aes/lib/grlib/modgen/leaves.vhd sub00/vhpl36 1590169046
AR add32 a C:/cygwin64/home/grlib-asistmmu-aes/lib/grlib/modgen/leaves.vhd sub01/vhpl135 1590169145
AR dma2ahb rtl C:/cygwin64/home/grlib-asistmmu-aes/lib/grlib/amba/dma2ahb.vhd sub01/vhpl145 1590169155
AR mul_33_17 a C:/cygwin64/home/grlib-asistmmu-aes/lib/grlib/modgen/leaves.vhd sub01/vhpl125 1590169135
AR mul_33_9 a C:/cygwin64/home/grlib-asistmmu-aes/lib/grlib/modgen/leaves.vhd sub01/vhpl117 1590169127
EN r_gate NULL C:/cygwin64/home/grlib-asistmmu-aes/lib/grlib/modgen/leaves.vhd sub00/vhpl20 1590169030
EN mul_33_9 NULL C:/cygwin64/home/grlib-asistmmu-aes/lib/grlib/modgen/leaves.vhd sub01/vhpl116 1590169126
AR dblc_2_32 dblc_2 C:/cygwin64/home/grlib-asistmmu-aes/lib/grlib/modgen/leaves.vhd sub00/vhpl69 1590169079
AR pp_middle pp_middle C:/cygwin64/home/grlib-asistmmu-aes/lib/grlib/modgen/leaves.vhd sub00/vhpl17 1590169027
AR dblc_1_128 dblc_1 C:/cygwin64/home/grlib-asistmmu-aes/lib/grlib/modgen/leaves.vhd sub00/vhpl87 1590169097
AR multiplier_34_34 multiplier C:/cygwin64/home/grlib-asistmmu-aes/lib/grlib/modgen/leaves.vhd sub01/vhpl131 1590169141
AR boothcoder_34_34 boothcoder C:/cygwin64/home/grlib-asistmmu-aes/lib/grlib/modgen/leaves.vhd sub01/vhpl127 1590169137
EN dblc_6_128 NULL C:/cygwin64/home/grlib-asistmmu-aes/lib/grlib/modgen/leaves.vhd sub00/vhpl96 1590169106
AR ahbdefmst rtl C:/cygwin64/home/grlib-asistmmu-aes/lib/grlib/amba/defmst.vhd sub01/vhpl139 1590169149
AR invblock invblock_regular C:/cygwin64/home/grlib-asistmmu-aes/lib/grlib/modgen/leaves.vhd sub00/vhpl29 1590169039
PB amba amba C:/cygwin64/home/grlib-asistmmu-aes/lib/grlib/amba/amba.vhd sub00/vhpl06 1590169016
PH devices NULL C:/cygwin64/home/grlib-asistmmu-aes/lib/grlib/amba/devices.vhd sub00/vhpl07 1590169017
AR dblcadder_128_128 dblcadder C:/cygwin64/home/grlib-asistmmu-aes/lib/grlib/modgen/leaves.vhd sub01/vhpl103 1590169113
EN dblcadder_128_128 NULL C:/cygwin64/home/grlib-asistmmu-aes/lib/grlib/modgen/leaves.vhd sub01/vhpl102 1590169112
AR dblc_3_32 dblc_3 C:/cygwin64/home/grlib-asistmmu-aes/lib/grlib/modgen/leaves.vhd sub00/vhpl71 1590169081
AR dblctree_64 dblctree C:/cygwin64/home/grlib-asistmmu-aes/lib/grlib/modgen/leaves.vhd sub00/vhpl59 1590169069
EN dblc_2_128 NULL C:/cygwin64/home/grlib-asistmmu-aes/lib/grlib/modgen/leaves.vhd sub00/vhpl88 1590169098
EN add32 NULL C:/cygwin64/home/grlib-asistmmu-aes/lib/grlib/modgen/leaves.vhd sub01/vhpl134 1590169144
AR block1 block1_regular C:/cygwin64/home/grlib-asistmmu-aes/lib/grlib/modgen/leaves.vhd sub00/vhpl35 1590169045
AR wallace_34_34 wallace C:/cygwin64/home/grlib-asistmmu-aes/lib/grlib/modgen/leaves.vhd sub01/vhpl129 1590169139
EN apbctrl NULL C:/cygwin64/home/grlib-asistmmu-aes/lib/grlib/amba/apbctrl.vhd sub01/vhpl140 1590169150
EN dblc_2_32 NULL C:/cygwin64/home/grlib-asistmmu-aes/lib/grlib/modgen/leaves.vhd sub00/vhpl68 1590169078
AR pp_low pp_low C:/cygwin64/home/grlib-asistmmu-aes/lib/grlib/modgen/leaves.vhd sub00/vhpl15 1590169025
AR flipflop flipflop C:/cygwin64/home/grlib-asistmmu-aes/lib/grlib/modgen/leaves.vhd sub00/vhpl13 1590169023
AR dblctree_32 dblctree C:/cygwin64/home/grlib-asistmmu-aes/lib/grlib/modgen/leaves.vhd sub00/vhpl79 1590169089
AR dblc_4_32 dblc_4 C:/cygwin64/home/grlib-asistmmu-aes/lib/grlib/modgen/leaves.vhd sub00/vhpl73 1590169083
EN dblc_5_64 NULL C:/cygwin64/home/grlib-asistmmu-aes/lib/grlib/modgen/leaves.vhd sub00/vhpl54 1590169064
AR prestage_64 prestage C:/cygwin64/home/grlib-asistmmu-aes/lib/grlib/modgen/leaves.vhd sub00/vhpl43 1590169053
EN dblctree_32 NULL C:/cygwin64/home/grlib-asistmmu-aes/lib/grlib/modgen/leaves.vhd sub00/vhpl78 1590169088
AR multiplier_34_18 multiplier C:/cygwin64/home/grlib-asistmmu-aes/lib/grlib/modgen/leaves.vhd sub01/vhpl123 1590169133
AR xorstage_128 xorstage C:/cygwin64/home/grlib-asistmmu-aes/lib/grlib/modgen/leaves.vhd sub00/vhpl99 1590169109
AR boothcoder_34_18 boothcoder C:/cygwin64/home/grlib-asistmmu-aes/lib/grlib/modgen/leaves.vhd sub01/vhpl119 1590169129
EN ahbmst NULL C:/cygwin64/home/grlib-asistmmu-aes/lib/grlib/amba/ahbmst.vhd sub01/vhpl146 1590169156
EN dblc_2_64 NULL C:/cygwin64/home/grlib-asistmmu-aes/lib/grlib/modgen/leaves.vhd sub00/vhpl48 1590169058
AR decoder decoder C:/cygwin64/home/grlib-asistmmu-aes/lib/grlib/modgen/leaves.vhd sub00/vhpl23 1590169033
AR xxor2 xxor_true C:/cygwin64/home/grlib-asistmmu-aes/lib/grlib/modgen/leaves.vhd sub00/vhpl63 1590169073
EN mul_33_17 NULL C:/cygwin64/home/grlib-asistmmu-aes/lib/grlib/modgen/leaves.vhd sub01/vhpl124 1590169134
AR dblc_0_64 dblc_0 C:/cygwin64/home/grlib-asistmmu-aes/lib/grlib/modgen/leaves.vhd sub00/vhpl45 1590169055
AR xxor1 xxor_regular C:/cygwin64/home/grlib-asistmmu-aes/lib/grlib/modgen/leaves.vhd sub00/vhpl31 1590169041
EN prestage_128 NULL C:/cygwin64/home/grlib-asistmmu-aes/lib/grlib/modgen/leaves.vhd sub00/vhpl82 1590169092
PH blocks NULL C:/cygwin64/home/grlib-asistmmu-aes/lib/grlib/modgen/leaves.vhd sub00/vhpl11 1590169021
EN mul_33_33 NULL C:/cygwin64/home/grlib-asistmmu-aes/lib/grlib/modgen/leaves.vhd sub01/vhpl132 1590169142
AR prestage_32 prestage C:/cygwin64/home/grlib-asistmmu-aes/lib/grlib/modgen/leaves.vhd sub00/vhpl77 1590169087
EN dblctree_64 NULL C:/cygwin64/home/grlib-asistmmu-aes/lib/grlib/modgen/leaves.vhd sub00/vhpl58 1590169068
AR r_gate r_gate C:/cygwin64/home/grlib-asistmmu-aes/lib/grlib/modgen/leaves.vhd sub00/vhpl21 1590169031
EN pp_high NULL C:/cygwin64/home/grlib-asistmmu-aes/lib/grlib/modgen/leaves.vhd sub00/vhpl18 1590169028
EN dblc_3_128 NULL C:/cygwin64/home/grlib-asistmmu-aes/lib/grlib/modgen/leaves.vhd sub00/vhpl90 1590169100
EN full_adder NULL C:/cygwin64/home/grlib-asistmmu-aes/lib/grlib/modgen/leaves.vhd sub00/vhpl24 1590169034
AR wallace_34_18 wallace C:/cygwin64/home/grlib-asistmmu-aes/lib/grlib/modgen/leaves.vhd sub01/vhpl121 1590169131
PH stdlib NULL C:/cygwin64/home/grlib-asistmmu-aes/lib/grlib/stdlib/stdlib.vhd sub00/vhpl03 1590169013
AR dblc_6_128 dblc_6 C:/cygwin64/home/grlib-asistmmu-aes/lib/grlib/modgen/leaves.vhd sub00/vhpl97 1590169107
AR dblc_1_64 dblc_1 C:/cygwin64/home/grlib-asistmmu-aes/lib/grlib/modgen/leaves.vhd sub00/vhpl47 1590169057
EN xorstage_128 NULL C:/cygwin64/home/grlib-asistmmu-aes/lib/grlib/modgen/leaves.vhd sub00/vhpl98 1590169108
EN mul_17_17 NULL C:/cygwin64/home/grlib-asistmmu-aes/lib/grlib/modgen/leaves.vhd sub01/vhpl136 1590169146
EN flipflop NULL C:/cygwin64/home/grlib-asistmmu-aes/lib/grlib/modgen/leaves.vhd sub00/vhpl12 1590169022
AR half_adder half_adder C:/cygwin64/home/grlib-asistmmu-aes/lib/grlib/modgen/leaves.vhd sub00/vhpl27 1590169037
EN dblctree_128 NULL C:/cygwin64/home/grlib-asistmmu-aes/lib/grlib/modgen/leaves.vhd sub01/vhpl100 1590169110
AR block1a block1a_regular C:/cygwin64/home/grlib-asistmmu-aes/lib/grlib/modgen/leaves.vhd sub00/vhpl39 1590169049
EN xorstage_32 NULL C:/cygwin64/home/grlib-asistmmu-aes/lib/grlib/modgen/leaves.vhd sub00/vhpl74 1590169084
AR dblc_4_128 dblc_4 C:/cygwin64/home/grlib-asistmmu-aes/lib/grlib/modgen/leaves.vhd sub00/vhpl93 1590169103
EN dblcadder_32_32 NULL C:/cygwin64/home/grlib-asistmmu-aes/lib/grlib/modgen/leaves.vhd sub00/vhpl80 1590169090
EN pp_middle NULL C:/cygwin64/home/grlib-asistmmu-aes/lib/grlib/modgen/leaves.vhd sub00/vhpl16 1590169026
PH dma2ahb_package NULL C:/cygwin64/home/grlib-asistmmu-aes/lib/grlib/amba/dma2ahb_pkg.vhd sub00/vhpl08 1590169018
EN dblc_4_32 NULL C:/cygwin64/home/grlib-asistmmu-aes/lib/grlib/modgen/leaves.vhd sub00/vhpl72 1590169082
AR apbctrl rtl C:/cygwin64/home/grlib-asistmmu-aes/lib/grlib/amba/apbctrl.vhd sub01/vhpl141 1590169151
AR dblc_2_64 dblc_2 C:/cygwin64/home/grlib-asistmmu-aes/lib/grlib/modgen/leaves.vhd sub00/vhpl49 1590169059
PH config_types NULL C:/cygwin64/home/grlib-asistmmu-aes/lib/grlib/stdlib/config_types.vhd sub00/vhpl01 1590169011
AR dblc_2_128 dblc_2 C:/cygwin64/home/grlib-asistmmu-aes/lib/grlib/modgen/leaves.vhd sub00/vhpl89 1590169099
AR multiplier_18_18 multiplier C:/cygwin64/home/grlib-asistmmu-aes/lib/grlib/modgen/leaves.vhd sub01/vhpl109 1590169119
AR multiplier_34_10 multiplier C:/cygwin64/home/grlib-asistmmu-aes/lib/grlib/modgen/leaves.vhd sub01/vhpl115 1590169125
AR block2a block2a_regular C:/cygwin64/home/grlib-asistmmu-aes/lib/grlib/modgen/leaves.vhd sub00/vhpl41 1590169051
AR boothcoder_18_18 boothcoder C:/cygwin64/home/grlib-asistmmu-aes/lib/grlib/modgen/leaves.vhd sub01/vhpl105 1590169115
EN xorstage_64 NULL C:/cygwin64/home/grlib-asistmmu-aes/lib/grlib/modgen/leaves.vhd sub00/vhpl56 1590169066
AR boothcoder_34_10 boothcoder C:/cygwin64/home/grlib-asistmmu-aes/lib/grlib/modgen/leaves.vhd sub01/vhpl111 1590169121
EN dblc_1_32 NULL C:/cygwin64/home/grlib-asistmmu-aes/lib/grlib/modgen/leaves.vhd sub00/vhpl66 1590169076
AR ahbmst rtl C:/cygwin64/home/grlib-asistmmu-aes/lib/grlib/amba/ahbmst.vhd sub01/vhpl147 1590169157
EN wallace_34_10 NULL C:/cygwin64/home/grlib-asistmmu-aes/lib/grlib/modgen/leaves.vhd sub01/vhpl112 1590169122
AR xorstage_64 xorstage C:/cygwin64/home/grlib-asistmmu-aes/lib/grlib/modgen/leaves.vhd sub00/vhpl57 1590169067
EN dblcadder_64_64 NULL C:/cygwin64/home/grlib-asistmmu-aes/lib/grlib/modgen/leaves.vhd sub00/vhpl60 1590169070
EN multiplier_34_10 NULL C:/cygwin64/home/grlib-asistmmu-aes/lib/grlib/modgen/leaves.vhd sub01/vhpl114 1590169124
EN block1a NULL C:/cygwin64/home/grlib-asistmmu-aes/lib/grlib/modgen/leaves.vhd sub00/vhpl38 1590169048
AR dblc_0_128 dblc_0 C:/cygwin64/home/grlib-asistmmu-aes/lib/grlib/modgen/leaves.vhd sub00/vhpl85 1590169095
AR dblcadder_64_64 dblcadder C:/cygwin64/home/grlib-asistmmu-aes/lib/grlib/modgen/leaves.vhd sub00/vhpl61 1590169071
AR prestage_128 prestage C:/cygwin64/home/grlib-asistmmu-aes/lib/grlib/modgen/leaves.vhd sub00/vhpl83 1590169093
EN dblc_4_64 NULL C:/cygwin64/home/grlib-asistmmu-aes/lib/grlib/modgen/leaves.vhd sub00/vhpl52 1590169062
EN decoder NULL C:/cygwin64/home/grlib-asistmmu-aes/lib/grlib/modgen/leaves.vhd sub00/vhpl22 1590169032
AR block2 block2_regular C:/cygwin64/home/grlib-asistmmu-aes/lib/grlib/modgen/leaves.vhd sub00/vhpl37 1590169047
EN ahbdefmst NULL C:/cygwin64/home/grlib-asistmmu-aes/lib/grlib/amba/defmst.vhd sub01/vhpl138 1590169148
EN wallace_34_18 NULL C:/cygwin64/home/grlib-asistmmu-aes/lib/grlib/modgen/leaves.vhd sub01/vhpl120 1590169130
EN block2a NULL C:/cygwin64/home/grlib-asistmmu-aes/lib/grlib/modgen/leaves.vhd sub00/vhpl40 1590169050
AR wallace_18_18 wallace C:/cygwin64/home/grlib-asistmmu-aes/lib/grlib/modgen/leaves.vhd sub01/vhpl107 1590169117
PB stdlib stdlib C:/cygwin64/home/grlib-asistmmu-aes/lib/grlib/stdlib/stdlib.vhd sub00/vhpl04 1590169014
AR dblc_3_64 dblc_3 C:/cygwin64/home/grlib-asistmmu-aes/lib/grlib/modgen/leaves.vhd sub00/vhpl51 1590169061
EN multiplier_34_18 NULL C:/cygwin64/home/grlib-asistmmu-aes/lib/grlib/modgen/leaves.vhd sub01/vhpl122 1590169132
EN dblc_4_128 NULL C:/cygwin64/home/grlib-asistmmu-aes/lib/grlib/modgen/leaves.vhd sub00/vhpl92 1590169102
EN wallace_34_34 NULL C:/cygwin64/home/grlib-asistmmu-aes/lib/grlib/modgen/leaves.vhd sub01/vhpl128 1590169138
EN xxor1 NULL C:/cygwin64/home/grlib-asistmmu-aes/lib/grlib/modgen/leaves.vhd sub00/vhpl30 1590169040
EN xxor2 NULL C:/cygwin64/home/grlib-asistmmu-aes/lib/grlib/modgen/leaves.vhd sub00/vhpl62 1590169072
EN prestage_32 NULL C:/cygwin64/home/grlib-asistmmu-aes/lib/grlib/modgen/leaves.vhd sub00/vhpl76 1590169086
EN dblc_1_64 NULL C:/cygwin64/home/grlib-asistmmu-aes/lib/grlib/modgen/leaves.vhd sub00/vhpl46 1590169056
EN multiplier_34_34 NULL C:/cygwin64/home/grlib-asistmmu-aes/lib/grlib/modgen/leaves.vhd sub01/vhpl130 1590169140
AR xorstage_32 xorstage C:/cygwin64/home/grlib-asistmmu-aes/lib/grlib/modgen/leaves.vhd sub00/vhpl75 1590169085
EN ahbctrl NULL C:/cygwin64/home/grlib-asistmmu-aes/lib/grlib/amba/ahbctrl.vhd sub01/vhpl142 1590169152
AR pp_high pp_high C:/cygwin64/home/grlib-asistmmu-aes/lib/grlib/modgen/leaves.vhd sub00/vhpl19 1590169029
EN dblc_0_128 NULL C:/cygwin64/home/grlib-asistmmu-aes/lib/grlib/modgen/leaves.vhd sub00/vhpl84 1590169094
AR wallace_34_10 wallace C:/cygwin64/home/grlib-asistmmu-aes/lib/grlib/modgen/leaves.vhd sub01/vhpl113 1590169123
AR dblctree_128 dblctree C:/cygwin64/home/grlib-asistmmu-aes/lib/grlib/modgen/leaves.vhd sub01/vhpl101 1590169111
PH sparc NULL C:/cygwin64/home/grlib-asistmmu-aes/lib/grlib/sparc/sparc.vhd sub00/vhpl09 1590169019
AR dblc_4_64 dblc_4 C:/cygwin64/home/grlib-asistmmu-aes/lib/grlib/modgen/leaves.vhd sub00/vhpl53 1590169063
PH amba NULL C:/cygwin64/home/grlib-asistmmu-aes/lib/grlib/amba/amba.vhd sub00/vhpl05 1590169015
EN wallace_18_18 NULL C:/cygwin64/home/grlib-asistmmu-aes/lib/grlib/modgen/leaves.vhd sub01/vhpl106 1590169116
