AR eth_rstgen rtl C:/cygwin64/home/grlib-asistmmu-aes/lib/eth/core/eth_rstgen.vhd sub00/vhpl03 1590169484
PH grethpkg NULL C:/cygwin64/home/grlib-asistmmu-aes/lib/eth/core/greth_pkg.vhd sub00/vhpl00 1590169481
PB grethpkg grethpkg C:/cygwin64/home/grlib-asistmmu-aes/lib/eth/core/greth_pkg.vhd sub00/vhpl01 1590169482
EN greth_rx NULL C:/cygwin64/home/grlib-asistmmu-aes/lib/eth/core/greth_rx.vhd sub00/vhpl06 1590169494
EN greth_tx NULL C:/cygwin64/home/grlib-asistmmu-aes/lib/eth/core/greth_tx.vhd sub00/vhpl04 1590169492
AR grethc rtl C:/cygwin64/home/grlib-asistmmu-aes/lib/eth/core/grethc.vhd sub00/vhpl14 1590169518
EN eth_ahb_mst NULL C:/cygwin64/home/grlib-asistmmu-aes/lib/eth/core/eth_ahb_mst.vhd sub00/vhpl08 1590169496
AR greth_rx rtl C:/cygwin64/home/grlib-asistmmu-aes/lib/eth/core/greth_rx.vhd sub00/vhpl07 1590169495
EN eth_edcl_ahb_mst NULL C:/cygwin64/home/grlib-asistmmu-aes/lib/eth/core/eth_edcl_ahb_mst.vhd sub00/vhpl10 1590169498
EN greth_gen NULL C:/cygwin64/home/grlib-asistmmu-aes/lib/eth/wrapper/greth_gen.vhd sub00/vhpl15 1590169549
EN grethc NULL C:/cygwin64/home/grlib-asistmmu-aes/lib/eth/core/grethc.vhd sub00/vhpl13 1590169517
EN greth_gbit_gen NULL C:/cygwin64/home/grlib-asistmmu-aes/lib/eth/wrapper/greth_gbit_gen.vhd sub00/vhpl17 1590169551
AR greth_gbit_gen rtl C:/cygwin64/home/grlib-asistmmu-aes/lib/eth/wrapper/greth_gbit_gen.vhd sub00/vhpl18 1590169552
PH ethcomp NULL C:/cygwin64/home/grlib-asistmmu-aes/lib/eth/comp/ethcomp.vhd sub00/vhpl12 1590169516
AR greth_tx rtl C:/cygwin64/home/grlib-asistmmu-aes/lib/eth/core/greth_tx.vhd sub00/vhpl05 1590169493
AR eth_ahb_mst rtl C:/cygwin64/home/grlib-asistmmu-aes/lib/eth/core/eth_ahb_mst.vhd sub00/vhpl09 1590169497
AR greth_gen rtl C:/cygwin64/home/grlib-asistmmu-aes/lib/eth/wrapper/greth_gen.vhd sub00/vhpl16 1590169550
EN eth_rstgen NULL C:/cygwin64/home/grlib-asistmmu-aes/lib/eth/core/eth_rstgen.vhd sub00/vhpl02 1590169483
AR eth_edcl_ahb_mst rtl C:/cygwin64/home/grlib-asistmmu-aes/lib/eth/core/eth_edcl_ahb_mst.vhd sub00/vhpl11 1590169499
