V3 54
FL C:/cygwin64/home/grlib-asistmmu-aes/lib/eth/comp/ethcomp.vhd 2014/04/16.17:51:33 P.49d
PH eth/ethcomp 1590169516 \
      FL C:/cygwin64/home/grlib-asistmmu-aes/lib/eth/comp/ethcomp.vhd \
      PB ieee/std_logic_1164 1354696159 CD grethc CD greth_gbitc CD greth_gen \
      CD greth_gbit_gen
FL C:/cygwin64/home/grlib-asistmmu-aes/lib/eth/core/eth_ahb_mst.vhd 2014/04/16.17:51:33 P.49d
EN eth/eth_ahb_mst 1590169496 \
      FL C:/cygwin64/home/grlib-asistmmu-aes/lib/eth/core/eth_ahb_mst.vhd \
      PB ieee/std_logic_1164 1354696159 LB grlib PB grlib/stdlib 1590169014 LB eth \
      PB eth/grethpkg 1590169482
AR eth/eth_ahb_mst/rtl 1590169497 \
      FL C:/cygwin64/home/grlib-asistmmu-aes/lib/eth/core/eth_ahb_mst.vhd \
      EN eth/eth_ahb_mst 1590169496
FL C:/cygwin64/home/grlib-asistmmu-aes/lib/eth/core/eth_edcl_ahb_mst.vhd 2014/04/16.17:51:32 P.49d
EN eth/eth_edcl_ahb_mst 1590169498 \
      FL C:/cygwin64/home/grlib-asistmmu-aes/lib/eth/core/eth_edcl_ahb_mst.vhd \
      PB ieee/std_logic_1164 1354696159 LB grlib PB grlib/stdlib 1590169014 LB eth \
      PB eth/grethpkg 1590169482
AR eth/eth_edcl_ahb_mst/rtl 1590169499 \
      FL C:/cygwin64/home/grlib-asistmmu-aes/lib/eth/core/eth_edcl_ahb_mst.vhd \
      EN eth/eth_edcl_ahb_mst 1590169498
FL C:/cygwin64/home/grlib-asistmmu-aes/lib/eth/core/eth_rstgen.vhd 2014/04/16.17:51:33 P.49d
EN eth/eth_rstgen 1590169483 \
      FL C:/cygwin64/home/grlib-asistmmu-aes/lib/eth/core/eth_rstgen.vhd \
      PB ieee/std_logic_1164 1354696159
AR eth/eth_rstgen/rtl 1590169484 \
      FL C:/cygwin64/home/grlib-asistmmu-aes/lib/eth/core/eth_rstgen.vhd \
      EN eth/eth_rstgen 1590169483
FL C:/cygwin64/home/grlib-asistmmu-aes/lib/eth/core/grethc.vhd 2014/04/16.17:51:33 P.49d
EN eth/grethc 1590169517 \
      FL C:/cygwin64/home/grlib-asistmmu-aes/lib/eth/core/grethc.vhd \
      PB ieee/std_logic_1164 1354696159 PB ieee/NUMERIC_STD 1354696164 LB grlib \
      PB grlib/stdlib 1590169014 LB eth PB eth/grethpkg 1590169482
AR eth/grethc/rtl 1590169518 \
      FL C:/cygwin64/home/grlib-asistmmu-aes/lib/eth/core/grethc.vhd \
      EN eth/grethc 1590169517 CP greth_tx CP greth_rx CP eth_ahb_mst \
      CP eth_edcl_ahb_mst
FL C:/cygwin64/home/grlib-asistmmu-aes/lib/eth/core/greth_pkg.vhd 2014/04/16.17:51:33 P.49d
PH eth/grethpkg 1590169481 \
      FL C:/cygwin64/home/grlib-asistmmu-aes/lib/eth/core/greth_pkg.vhd \
      PB ieee/std_logic_1164 1354696159 LB grlib PB grlib/stdlib 1590169014 \
      CD greth_rx CD greth_tx CD eth_rstgen CD greth_gbit_tx CD greth_gbit_gtx \
      CD greth_gbit_rx CD eth_ahb_mst CD eth_ahb_mst_gbit CD eth_edcl_ahb_mst
PB eth/grethpkg 1590169482 \
      FL C:/cygwin64/home/grlib-asistmmu-aes/lib/eth/core/greth_pkg.vhd \
      PH eth/grethpkg 1590169481
FL C:/cygwin64/home/grlib-asistmmu-aes/lib/eth/core/greth_rx.vhd 2014/04/16.17:51:33 P.49d
EN eth/greth_rx 1590169494 \
      FL C:/cygwin64/home/grlib-asistmmu-aes/lib/eth/core/greth_rx.vhd \
      PB ieee/std_logic_1164 1354696159 PB ieee/NUMERIC_STD 1354696164 LB grlib \
      PB grlib/stdlib 1590169014 LB eth PB eth/grethpkg 1590169482
AR eth/greth_rx/rtl 1590169495 \
      FL C:/cygwin64/home/grlib-asistmmu-aes/lib/eth/core/greth_rx.vhd \
      EN eth/greth_rx 1590169494 CP eth_rstgen
FL C:/cygwin64/home/grlib-asistmmu-aes/lib/eth/core/greth_tx.vhd 2014/04/16.17:51:33 P.49d
EN eth/greth_tx 1590169492 \
      FL C:/cygwin64/home/grlib-asistmmu-aes/lib/eth/core/greth_tx.vhd \
      PB ieee/std_logic_1164 1354696159 LB grlib PB grlib/stdlib 1590169014 LB eth \
      PB eth/grethpkg 1590169482
AR eth/greth_tx/rtl 1590169493 \
      FL C:/cygwin64/home/grlib-asistmmu-aes/lib/eth/core/greth_tx.vhd \
      EN eth/greth_tx 1590169492 CP eth_rstgen
FL C:/cygwin64/home/grlib-asistmmu-aes/lib/eth/wrapper/greth_gbit_gen.vhd 2014/04/16.17:51:33 P.49d
EN eth/greth_gbit_gen 1590169551 \
      FL C:/cygwin64/home/grlib-asistmmu-aes/lib/eth/wrapper/greth_gbit_gen.vhd \
      LB grlib PB ieee/std_logic_1164 1354696159 PB grlib/stdlib 1590169014 \
      LB techmap PH techmap/gencomp 1590169158 LB eth PH eth/ethcomp 1590169516
AR eth/greth_gbit_gen/rtl 1590169552 \
      FL C:/cygwin64/home/grlib-asistmmu-aes/lib/eth/wrapper/greth_gbit_gen.vhd \
      EN eth/greth_gbit_gen 1590169551 CP greth_gbitc CP syncram_2p CP syncram_2pft
FL C:/cygwin64/home/grlib-asistmmu-aes/lib/eth/wrapper/greth_gen.vhd 2014/04/16.17:51:33 P.49d
EN eth/greth_gen 1590169549 \
      FL C:/cygwin64/home/grlib-asistmmu-aes/lib/eth/wrapper/greth_gen.vhd \
      LB grlib PB ieee/std_logic_1164 1354696159 PB grlib/stdlib 1590169014 \
      LB techmap PH techmap/gencomp 1590169158 LB eth PH eth/ethcomp 1590169516
AR eth/greth_gen/rtl 1590169550 \
      FL C:/cygwin64/home/grlib-asistmmu-aes/lib/eth/wrapper/greth_gen.vhd \
      EN eth/greth_gen 1590169549 CP grethc CP syncram_2p CP syncram_2pft
