EN apbuart NULL C:/cygwin64/home/grlib-asistmmu-aes/lib/gaisler/uart/apbuart.vhd sub02/vhpl207 1590169698
EN tbufmem NULL C:/cygwin64/home/grlib-asistmmu-aes/lib/gaisler/leon3v3/tbufmem.vhd sub00/vhpl74 1590169564
AR regfile_3p_l3 rtl C:/cygwin64/home/grlib-asistmmu-aes/lib/gaisler/leon3v3/regfile_3p_l3.vhd sub00/vhpl42 1590169525
EN pci_mtf NULL C:/cygwin64/home/grlib-asistmmu-aes/lib/gaisler/pci/grpci1/pci_mtf.vhd sub01/vhpl131 1590169621
EN ddr2spax_ddr NULL C:/cygwin64/home/grlib-asistmmu-aes/lib/gaisler/ddr/ddr2spax_ddr.vhd sub00/vhpl56 1590169542
AR srctrl rtl C:/cygwin64/home/grlib-asistmmu-aes/lib/gaisler/memctrl/srctrl.vhd sub01/vhpl150 1590169641
EN srctrl NULL C:/cygwin64/home/grlib-asistmmu-aes/lib/gaisler/memctrl/srctrl.vhd sub01/vhpl149 1590169640
EN grsysmon NULL C:/cygwin64/home/grlib-asistmmu-aes/lib/gaisler/misc/grsysmon.vhd sub01/vhpl187 1590169678
AR mmu_icache rtl C:/cygwin64/home/grlib-asistmmu-aes/lib/gaisler/leon3v3/mmu_icache.vhd sub00/vhpl24 1590169502
PH jtag NULL C:/cygwin64/home/grlib-asistmmu-aes/lib/gaisler/jtag/jtag.vhd sub01/vhpl120 1590169610
EN greth_mb NULL C:/cygwin64/home/grlib-asistmmu-aes/lib/gaisler/greth/greth_mb.vhd sub02/vhpl219 1590169710
EN ahb2avl_async_be NULL C:/cygwin64/home/grlib-asistmmu-aes/lib/gaisler/ddr/ahb2avl_async_be.vhd sub00/vhpl92 1590169582
EN i2c2ahb_apb_gen NULL C:/cygwin64/home/grlib-asistmmu-aes/lib/gaisler/i2c/i2c2ahb_apb_gen.vhd sub02/vhpl241 1590169732
AR apbps2 rtl C:/cygwin64/home/grlib-asistmmu-aes/lib/gaisler/misc/apbps2.vhd sub01/vhpl182 1590169673
EN grgprbank NULL C:/cygwin64/home/grlib-asistmmu-aes/lib/gaisler/misc/grgprbank.vhd sub01/vhpl195 1590169686
PB l2cache l2cache C:/cygwin64/home/grlib-asistmmu-aes/lib/gaisler/l2cache/v2-pkg/l2cache.vhd sub01/vhpl166 1590169657
EN rstgen NULL C:/cygwin64/home/grlib-asistmmu-aes/lib/gaisler/misc/rstgen.vhd sub01/vhpl114 1590169604
EN spi2ahbx NULL C:/cygwin64/home/grlib-asistmmu-aes/lib/gaisler/spi/spi2ahbx.vhd sub00/vhpl82 1590169572
EN mmu_acache NULL C:/cygwin64/home/grlib-asistmmu-aes/lib/gaisler/leon3v3/mmu_acache.vhd sub00/vhpl29 1590169507
EN pci_target NULL C:/cygwin64/home/grlib-asistmmu-aes/lib/gaisler/pci/grpci1/pci_target.vhd sub02/vhpl201 1590169692
AR rgmii rtl C:/cygwin64/home/grlib-asistmmu-aes/lib/gaisler/greth/rgmii.vhd sub02/vhpl226 1590169717
EN mmulru NULL C:/cygwin64/home/grlib-asistmmu-aes/lib/gaisler/srmmu/mmulru.vhd sub00/vhpl12 1590169478
AR ddrphy_wrap_cbd rtl C:/cygwin64/home/grlib-asistmmu-aes/lib/gaisler/ddr/ddrphy_wrap.vhd sub00/vhpl99 1590169589
EN ddrphy_wrap NULL C:/cygwin64/home/grlib-asistmmu-aes/lib/gaisler/ddr/ddrphy_wrap.vhd sub00/vhpl96 1590169586
PH pcilib NULL C:/cygwin64/home/grlib-asistmmu-aes/lib/gaisler/pci/grpci1/pcilib.vhd sub00/vhpl65 1590169555
EN ahbstat NULL C:/cygwin64/home/grlib-asistmmu-aes/lib/gaisler/misc/ahbstat.vhd sub01/vhpl177 1590169668
PB arith arith C:/cygwin64/home/grlib-asistmmu-aes/lib/gaisler/arith/arith.vhd sub00/vhpl09 1590169475
AR grlfpwx rtl C:/cygwin64/home/grlib-asistmmu-aes/lib/gaisler/leon3v3/grlfpwx.vhd sub00/vhpl81 1590169571
PH libfpu NULL C:/cygwin64/home/grlib-asistmmu-aes/lib/gaisler/leon3v3/libfpu.vhd sub00/vhpl07 1590169473
EN svgactrl NULL C:/cygwin64/home/grlib-asistmmu-aes/lib/gaisler/misc/svgactrl.vhd sub01/vhpl185 1590169676
PH spi NULL C:/cygwin64/home/grlib-asistmmu-aes/lib/gaisler/spi/spi.vhd sub00/vhpl51 1590169534
EN dsu3x NULL C:/cygwin64/home/grlib-asistmmu-aes/lib/gaisler/leon3v3/dsu3x.vhd sub01/vhpl140 1590169630
AR asist_mmu rtl C:/cygwin64/home/grlib-asistmmu-aes/lib/gaisler/leon3v3/asist_mmu.vhd sub00/vhpl28 1590169506
AR spi2ahb_apb rtl C:/cygwin64/home/grlib-asistmmu-aes/lib/gaisler/spi/spi2ahb_apb.vhd sub02/vhpl250 1590169741
EN ddr2spax NULL C:/cygwin64/home/grlib-asistmmu-aes/lib/gaisler/ddr/ddr2spax.vhd sub01/vhpl110 1590169600
AR rstgen rtl C:/cygwin64/home/grlib-asistmmu-aes/lib/gaisler/misc/rstgen.vhd sub01/vhpl115 1590169605
PH mmuconfig NULL C:/cygwin64/home/grlib-asistmmu-aes/lib/gaisler/srmmu/mmuconfig.vhd sub00/vhpl00 1590169355
EN proc3 NULL C:/cygwin64/home/grlib-asistmmu-aes/lib/gaisler/leon3v3/proc3.vhd sub00/vhpl70 1590169560
AR dmactrl rtl C:/cygwin64/home/grlib-asistmmu-aes/lib/gaisler/pci/grpci1/dmactrl.vhd sub01/vhpl130 1590169620
AR lpddr2phy_wrap_cbd_wo_pads rtl C:/cygwin64/home/grlib-asistmmu-aes/lib/gaisler/ddr/ddrphy_wrap.vhd sub01/vhpl109 1590169599
EN grethm NULL C:/cygwin64/home/grlib-asistmmu-aes/lib/gaisler/greth/grethm.vhd sub02/vhpl223 1590169714
EN leon3sh NULL C:/cygwin64/home/grlib-asistmmu-aes/lib/gaisler/leon3v3/leon3sh.vhd sub01/vhpl161 1590169652
EN greth_gbit_mb NULL C:/cygwin64/home/grlib-asistmmu-aes/lib/gaisler/greth/greth_gbit_mb.vhd sub02/vhpl221 1590169712
EN i2c2ahbx NULL C:/cygwin64/home/grlib-asistmmu-aes/lib/gaisler/i2c/i2c2ahbx.vhd sub00/vhpl52 1590169535
AR ahbram rtl C:/cygwin64/home/grlib-asistmmu-aes/lib/gaisler/misc/ahbram.vhd sub01/vhpl170 1590169661
AR dsu3_mb rtl C:/cygwin64/home/grlib-asistmmu-aes/lib/gaisler/leon3v3/dsu3_mb.vhd sub01/vhpl156 1590169647
EN jtagcom2 NULL C:/cygwin64/home/grlib-asistmmu-aes/lib/gaisler/jtag/jtagcom2.vhd sub01/vhpl123 1590169613
AR apbvga rtl C:/cygwin64/home/grlib-asistmmu-aes/lib/gaisler/misc/apbvga.vhd sub01/vhpl184 1590169675
EN grfpwxsh NULL C:/cygwin64/home/grlib-asistmmu-aes/lib/gaisler/leon3v3/grfpwxsh.vhd sub00/vhpl76 1590169566
EN dsu3 NULL C:/cygwin64/home/grlib-asistmmu-aes/lib/gaisler/leon3v3/dsu3.vhd sub01/vhpl153 1590169644
EN mmu_dcache NULL C:/cygwin64/home/grlib-asistmmu-aes/lib/gaisler/leon3v3/mmu_dcache.vhd sub00/vhpl25 1590169503
EN i2c2ahb_gen NULL C:/cygwin64/home/grlib-asistmmu-aes/lib/gaisler/i2c/i2c2ahb_gen.vhd sub02/vhpl239 1590169730
EN i2c2ahb NULL C:/cygwin64/home/grlib-asistmmu-aes/lib/gaisler/i2c/i2c2ahb.vhd sub00/vhpl88 1590169578
EN ahbjtag NULL C:/cygwin64/home/grlib-asistmmu-aes/lib/gaisler/jtag/ahbjtag.vhd sub02/vhpl211 1590169702
AR pcidma rtl C:/cygwin64/home/grlib-asistmmu-aes/lib/gaisler/pci/grpci1/pcidma.vhd sub02/vhpl206 1590169697
AR spi2ahb rtl C:/cygwin64/home/grlib-asistmmu-aes/lib/gaisler/spi/spi2ahb.vhd sub02/vhpl248 1590169739
EN dcom NULL C:/cygwin64/home/grlib-asistmmu-aes/lib/gaisler/uart/dcom.vhd sub01/vhpl127 1590169617
EN ahbdpram NULL C:/cygwin64/home/grlib-asistmmu-aes/lib/gaisler/misc/ahbdpram.vhd sub01/vhpl171 1590169662
PH libiu NULL C:/cygwin64/home/grlib-asistmmu-aes/lib/gaisler/leon3v3/libiu.vhd sub00/vhpl14 1590169480
AR mmu rtl C:/cygwin64/home/grlib-asistmmu-aes/lib/gaisler/srmmu/mmu.vhd sub00/vhpl32 1590169510
EN dmactrl NULL C:/cygwin64/home/grlib-asistmmu-aes/lib/gaisler/pci/grpci1/dmactrl.vhd sub01/vhpl129 1590169619
AR ahbstat rtl C:/cygwin64/home/grlib-asistmmu-aes/lib/gaisler/misc/ahbstat.vhd sub01/vhpl178 1590169669
PH libdcom NULL C:/cygwin64/home/grlib-asistmmu-aes/lib/gaisler/uart/libdcom.vhd sub00/vhpl64 1590169554
AR i2cmst_gen rtl C:/cygwin64/home/grlib-asistmmu-aes/lib/gaisler/i2c/i2cmst_gen.vhd sub02/vhpl236 1590169727
PB libcache libcache C:/cygwin64/home/grlib-asistmmu-aes/lib/gaisler/leon3v3/libcache.vhd sub00/vhpl20 1590169490
AR ddrphy_wrap_cbd_wo_pads rtl C:/cygwin64/home/grlib-asistmmu-aes/lib/gaisler/ddr/ddrphy_wrap.vhd sub01/vhpl101 1590169591
PH libcache NULL C:/cygwin64/home/grlib-asistmmu-aes/lib/gaisler/leon3v3/libcache.vhd sub00/vhpl19 1590169489
EN ahbtrace_mb NULL C:/cygwin64/home/grlib-asistmmu-aes/lib/gaisler/misc/ahbtrace_mb.vhd sub01/vhpl136 1590169626
EN regfile_3p_l3 NULL C:/cygwin64/home/grlib-asistmmu-aes/lib/gaisler/leon3v3/regfile_3p_l3.vhd sub00/vhpl41 1590169524
AR dsu3x rtl C:/cygwin64/home/grlib-asistmmu-aes/lib/gaisler/leon3v3/dsu3x.vhd sub01/vhpl141 1590169631
AR greth_gbit rtl C:/cygwin64/home/grlib-asistmmu-aes/lib/gaisler/greth/greth_gbit.vhd sub01/vhpl119 1590169609
AR i2c2ahb_apb_gen rtl C:/cygwin64/home/grlib-asistmmu-aes/lib/gaisler/i2c/i2c2ahb_apb_gen.vhd sub02/vhpl242 1590169733
AR pciahbmst rtl C:/cygwin64/home/grlib-asistmmu-aes/lib/gaisler/pci/grpci1/pciahbmst.vhd sub00/vhpl67 1590169557
AR proc3 rtl C:/cygwin64/home/grlib-asistmmu-aes/lib/gaisler/leon3v3/proc3.vhd sub00/vhpl71 1590169561
EN asist_mmu NULL C:/cygwin64/home/grlib-asistmmu-aes/lib/gaisler/leon3v3/asist_mmu.vhd sub00/vhpl27 1590169505
EN spi2ahb_apb NULL C:/cygwin64/home/grlib-asistmmu-aes/lib/gaisler/spi/spi2ahb_apb.vhd sub02/vhpl249 1590169740
EN irqmp NULL C:/cygwin64/home/grlib-asistmmu-aes/lib/gaisler/irqmp/irqmp.vhd sub01/vhpl163 1590169654
EN ddr2phy_wrap_cbd_wo_pads NULL C:/cygwin64/home/grlib-asistmmu-aes/lib/gaisler/ddr/ddrphy_wrap.vhd sub01/vhpl106 1590169596
PH charrom_package NULL C:/cygwin64/home/grlib-asistmmu-aes/lib/gaisler/misc/charrom_package.vhd sub01/vhpl133 1590169623
AR ddr2spa rtl C:/cygwin64/home/grlib-asistmmu-aes/lib/gaisler/ddr/ddr2spa.vhd sub02/vhpl230 1590169721
AR grethm rtl C:/cygwin64/home/grlib-asistmmu-aes/lib/gaisler/greth/grethm.vhd sub02/vhpl224 1590169715
EN gracectrl NULL C:/cygwin64/home/grlib-asistmmu-aes/lib/gaisler/misc/gracectrl.vhd sub01/vhpl189 1590169680
EN mmu_cache NULL C:/cygwin64/home/grlib-asistmmu-aes/lib/gaisler/leon3v3/mmu_cache.vhd sub00/vhpl49 1590169532
AR spi2ahbx rtl C:/cygwin64/home/grlib-asistmmu-aes/lib/gaisler/spi/spi2ahbx.vhd sub00/vhpl83 1590169573
EN mmu_icache NULL C:/cygwin64/home/grlib-asistmmu-aes/lib/gaisler/leon3v3/mmu_icache.vhd sub00/vhpl23 1590169501
AR ddr2spax_ahb rtl C:/cygwin64/home/grlib-asistmmu-aes/lib/gaisler/ddr/ddr2spax_ahb.vhd sub00/vhpl55 1590169541
AR ahbtrace_mmb rtl C:/cygwin64/home/grlib-asistmmu-aes/lib/gaisler/misc/ahbtrace_mmb.vhd sub00/vhpl69 1590169559
EN logan NULL C:/cygwin64/home/grlib-asistmmu-aes/lib/gaisler/misc/logan.vhd sub01/vhpl179 1590169670
AR ddr2phy_wrap rtl C:/cygwin64/home/grlib-asistmmu-aes/lib/gaisler/ddr/ddrphy_wrap.vhd sub01/vhpl103 1590169593
AR grfpushwx rtl C:/cygwin64/home/grlib-asistmmu-aes/lib/gaisler/leon3/grfpushwx.vhd sub01/vhpl152 1590169643
EN ddr2buf NULL C:/cygwin64/home/grlib-asistmmu-aes/lib/gaisler/ddr/ddr2buf.vhd sub00/vhpl58 1590169544
AR i2c2ahbx rtl C:/cygwin64/home/grlib-asistmmu-aes/lib/gaisler/i2c/i2c2ahbx.vhd sub00/vhpl53 1590169536
EN pci_mt NULL C:/cygwin64/home/grlib-asistmmu-aes/lib/gaisler/pci/grpci1/pci_mt.vhd sub02/vhpl203 1590169694
AR pcipads rtl C:/cygwin64/home/grlib-asistmmu-aes/lib/gaisler/pci/pcipads.vhd sub01/vhpl198 1590169689
PH ethernet_mac NULL C:/cygwin64/home/grlib-asistmmu-aes/lib/gaisler/greth/ethernet_mac.vhd sub00/vhpl62 1590169548
EN grlfpwx NULL C:/cygwin64/home/grlib-asistmmu-aes/lib/gaisler/leon3v3/grlfpwx.vhd sub00/vhpl80 1590169570
EN ddr2spa NULL C:/cygwin64/home/grlib-asistmmu-aes/lib/gaisler/ddr/ddr2spa.vhd sub02/vhpl229 1590169720
EN cachemem NULL C:/cygwin64/home/grlib-asistmmu-aes/lib/gaisler/leon3v3/cachemem.vhd sub00/vhpl72 1590169562
EN greth NULL C:/cygwin64/home/grlib-asistmmu-aes/lib/gaisler/greth/greth.vhd sub01/vhpl116 1590169606
AR tbufmem rtl C:/cygwin64/home/grlib-asistmmu-aes/lib/gaisler/leon3v3/tbufmem.vhd sub00/vhpl75 1590169565
AR apbuart rtl C:/cygwin64/home/grlib-asistmmu-aes/lib/gaisler/uart/apbuart.vhd sub02/vhpl208 1590169699
EN ddr2phy_wrap NULL C:/cygwin64/home/grlib-asistmmu-aes/lib/gaisler/ddr/ddrphy_wrap.vhd sub01/vhpl102 1590169592
EN ddr2phy_wrap_cbd NULL C:/cygwin64/home/grlib-asistmmu-aes/lib/gaisler/ddr/ddrphy_wrap.vhd sub01/vhpl104 1590169594
AR grfpwxsh rtl C:/cygwin64/home/grlib-asistmmu-aes/lib/gaisler/leon3v3/grfpwxsh.vhd sub00/vhpl77 1590169567
EN iu3 NULL C:/cygwin64/home/grlib-asistmmu-aes/lib/gaisler/leon3v3/iu3.vhd sub00/vhpl43 1590169526
EN grgpreg NULL C:/cygwin64/home/grlib-asistmmu-aes/lib/gaisler/misc/grgpreg.vhd sub01/vhpl191 1590169682
AR ddrphy_wrap rtl C:/cygwin64/home/grlib-asistmmu-aes/lib/gaisler/ddr/ddrphy_wrap.vhd sub00/vhpl97 1590169587
AR mmutw rtl C:/cygwin64/home/grlib-asistmmu-aes/lib/gaisler/srmmu/mmutw.vhd sub00/vhpl18 1590169488
EN pcitrace NULL C:/cygwin64/home/grlib-asistmmu-aes/lib/gaisler/pci/pcitrace/pcitrace.vhd sub01/vhpl199 1590169690
AR ahbtrace_mb rtl C:/cygwin64/home/grlib-asistmmu-aes/lib/gaisler/misc/ahbtrace_mb.vhd sub01/vhpl137 1590169627
AR ddr2spax_ddr rtl C:/cygwin64/home/grlib-asistmmu-aes/lib/gaisler/ddr/ddr2spax_ddr.vhd sub00/vhpl57 1590169543
AR pcitrace rtl C:/cygwin64/home/grlib-asistmmu-aes/lib/gaisler/pci/pcitrace/pcitrace.vhd sub02/vhpl200 1590169691
EN grfpwx NULL C:/cygwin64/home/grlib-asistmmu-aes/lib/gaisler/leon3v3/grfpwx.vhd sub00/vhpl78 1590169568
EN ddrphy_wrap_cbd NULL C:/cygwin64/home/grlib-asistmmu-aes/lib/gaisler/ddr/ddrphy_wrap.vhd sub00/vhpl98 1590169588
AR svgactrl rtl C:/cygwin64/home/grlib-asistmmu-aes/lib/gaisler/misc/svgactrl.vhd sub01/vhpl186 1590169677
AR dcom_uart rtl C:/cygwin64/home/grlib-asistmmu-aes/lib/gaisler/uart/dcom_uart.vhd sub01/vhpl126 1590169616
PH mmuiface NULL C:/cygwin64/home/grlib-asistmmu-aes/lib/gaisler/srmmu/mmuiface.vhd sub00/vhpl01 1590169467
AR bscanregsbd rtl C:/cygwin64/home/grlib-asistmmu-aes/lib/gaisler/jtag/bscanregsbd.vhd sub02/vhpl218 1590169709
EN i2cmst NULL C:/cygwin64/home/grlib-asistmmu-aes/lib/gaisler/i2c/i2cmst.vhd sub00/vhpl90 1590169580
EN spimctrl NULL C:/cygwin64/home/grlib-asistmmu-aes/lib/gaisler/spi/spimctrl.vhd sub02/vhpl243 1590169734
EN mul32 NULL C:/cygwin64/home/grlib-asistmmu-aes/lib/gaisler/arith/mul32.vhd sub00/vhpl45 1590169528
AR logan rtl C:/cygwin64/home/grlib-asistmmu-aes/lib/gaisler/misc/logan.vhd sub01/vhpl180 1590169671
EN mmutlb NULL C:/cygwin64/home/grlib-asistmmu-aes/lib/gaisler/srmmu/mmutlb.vhd sub00/vhpl15 1590169485
EN ahbtrace NULL C:/cygwin64/home/grlib-asistmmu-aes/lib/gaisler/misc/ahbtrace.vhd sub01/vhpl173 1590169664
EN mmutw NULL C:/cygwin64/home/grlib-asistmmu-aes/lib/gaisler/srmmu/mmutw.vhd sub00/vhpl17 1590169487
PB misc misc C:/cygwin64/home/grlib-asistmmu-aes/lib/gaisler/misc/misc.vhd sub00/vhpl38 1590169521
PH ddrpkg NULL C:/cygwin64/home/grlib-asistmmu-aes/lib/gaisler/ddr/ddrpkg.vhd sub00/vhpl21 1590169491
EN apbps2 NULL C:/cygwin64/home/grlib-asistmmu-aes/lib/gaisler/misc/apbps2.vhd sub01/vhpl181 1590169672
EN greth_gbit NULL C:/cygwin64/home/grlib-asistmmu-aes/lib/gaisler/greth/greth_gbit.vhd sub01/vhpl118 1590169608
AR i2cslv rtl C:/cygwin64/home/grlib-asistmmu-aes/lib/gaisler/i2c/i2cslv.vhd sub02/vhpl238 1590169729
EN ahb_mst_iface NULL C:/cygwin64/home/grlib-asistmmu-aes/lib/gaisler/misc/ahb_mst_iface.vhd sub01/vhpl193 1590169684
AR ahb2avl_async struct C:/cygwin64/home/grlib-asistmmu-aes/lib/gaisler/ddr/ahb2avl_async.vhd sub02/vhpl234 1590169725
EN ddr1spax NULL C:/cygwin64/home/grlib-asistmmu-aes/lib/gaisler/ddr/ddr1spax.vhd sub01/vhpl112 1590169602
AR gptimer rtl C:/cygwin64/home/grlib-asistmmu-aes/lib/gaisler/misc/gptimer.vhd sub01/vhpl168 1590169659
PH misc NULL C:/cygwin64/home/grlib-asistmmu-aes/lib/gaisler/misc/misc.vhd sub00/vhpl37 1590169520
PH libmmu NULL C:/cygwin64/home/grlib-asistmmu-aes/lib/gaisler/srmmu/libmmu.vhd sub00/vhpl05 1590169471
AR i2cmst rtl C:/cygwin64/home/grlib-asistmmu-aes/lib/gaisler/i2c/i2cmst.vhd sub00/vhpl91 1590169581
EN sdctrl NULL C:/cygwin64/home/grlib-asistmmu-aes/lib/gaisler/memctrl/sdctrl.vhd sub01/vhpl143 1590169634
EN pcipads NULL C:/cygwin64/home/grlib-asistmmu-aes/lib/gaisler/pci/pcipads.vhd sub01/vhpl197 1590169688
AR sdctrl rtl C:/cygwin64/home/grlib-asistmmu-aes/lib/gaisler/memctrl/sdctrl.vhd sub01/vhpl144 1590169635
EN charrom NULL C:/cygwin64/home/grlib-asistmmu-aes/lib/gaisler/misc/charrom.vhd sub01/vhpl134 1590169624
EN grgpio NULL C:/cygwin64/home/grlib-asistmmu-aes/lib/gaisler/misc/grgpio.vhd sub01/vhpl175 1590169666
AR pci_target rtl C:/cygwin64/home/grlib-asistmmu-aes/lib/gaisler/pci/grpci1/pci_target.vhd sub02/vhpl202 1590169693
AR mul32 rtl C:/cygwin64/home/grlib-asistmmu-aes/lib/gaisler/arith/mul32.vhd sub00/vhpl46 1590169529
AR ddr1spax_ddr rtl C:/cygwin64/home/grlib-asistmmu-aes/lib/gaisler/ddr/ddr1spax_ddr.vhd sub00/vhpl61 1590169547
EN spi2ahb NULL C:/cygwin64/home/grlib-asistmmu-aes/lib/gaisler/spi/spi2ahb.vhd sub02/vhpl247 1590169738
AR jtagcom2 rtl C:/cygwin64/home/grlib-asistmmu-aes/lib/gaisler/jtag/jtagcom2.vhd sub01/vhpl124 1590169614
AR grgpio rtl C:/cygwin64/home/grlib-asistmmu-aes/lib/gaisler/misc/grgpio.vhd sub01/vhpl176 1590169667
AR bscanregs hier C:/cygwin64/home/grlib-asistmmu-aes/lib/gaisler/jtag/bscanregs.vhd sub02/vhpl216 1590169707
EN leon3s NULL C:/cygwin64/home/grlib-asistmmu-aes/lib/gaisler/leon3v3/leon3s.vhd sub01/vhpl159 1590169650
AR mmutlb rtl C:/cygwin64/home/grlib-asistmmu-aes/lib/gaisler/srmmu/mmutlb.vhd sub00/vhpl16 1590169486
EN leon3x NULL C:/cygwin64/home/grlib-asistmmu-aes/lib/gaisler/leon3v3/leon3x.vhd sub01/vhpl138 1590169628
AR div32 rtl C:/cygwin64/home/grlib-asistmmu-aes/lib/gaisler/arith/div32.vhd sub00/vhpl48 1590169531
PH uart NULL C:/cygwin64/home/grlib-asistmmu-aes/lib/gaisler/uart/uart.vhd sub00/vhpl39 1590169522
AR mmu_dcache rtl C:/cygwin64/home/grlib-asistmmu-aes/lib/gaisler/leon3v3/mmu_dcache.vhd sub00/vhpl26 1590169504
AR i2c2ahb_gen rtl C:/cygwin64/home/grlib-asistmmu-aes/lib/gaisler/i2c/i2c2ahb_gen.vhd sub02/vhpl240 1590169731
EN ahbtrace_mmb NULL C:/cygwin64/home/grlib-asistmmu-aes/lib/gaisler/misc/ahbtrace_mmb.vhd sub00/vhpl68 1590169558
EN jtagcom NULL C:/cygwin64/home/grlib-asistmmu-aes/lib/gaisler/jtag/jtagcom.vhd sub01/vhpl121 1590169611
PB ddrintpkg ddrintpkg C:/cygwin64/home/grlib-asistmmu-aes/lib/gaisler/ddr/ddrintpkg.vhd sub00/vhpl35 1590169515
AR mmulrue rtl C:/cygwin64/home/grlib-asistmmu-aes/lib/gaisler/srmmu/mmulrue.vhd sub00/vhpl04 1590169470
EN pcidma NULL C:/cygwin64/home/grlib-asistmmu-aes/lib/gaisler/pci/grpci1/pcidma.vhd sub02/vhpl205 1590169696
EN ahb2avl_async NULL C:/cygwin64/home/grlib-asistmmu-aes/lib/gaisler/ddr/ahb2avl_async.vhd sub02/vhpl233 1590169724
EN mmulrue NULL C:/cygwin64/home/grlib-asistmmu-aes/lib/gaisler/srmmu/mmulrue.vhd sub00/vhpl03 1590169469
AR ddr2phy_wrap_cbd_wo_pads rtl C:/cygwin64/home/grlib-asistmmu-aes/lib/gaisler/ddr/ddrphy_wrap.vhd sub01/vhpl107 1590169597
PB libmmu libmmu C:/cygwin64/home/grlib-asistmmu-aes/lib/gaisler/srmmu/libmmu.vhd sub00/vhpl06 1590169472
EN bscanregsbd NULL C:/cygwin64/home/grlib-asistmmu-aes/lib/gaisler/jtag/bscanregsbd.vhd sub02/vhpl217 1590169708
AR sdctrl64 rtl C:/cygwin64/home/grlib-asistmmu-aes/lib/gaisler/memctrl/sdctrl64.vhd sub01/vhpl146 1590169637
PH i2c NULL C:/cygwin64/home/grlib-asistmmu-aes/lib/gaisler/i2c/i2c.vhd sub00/vhpl33 1590169511
AR dcom struct C:/cygwin64/home/grlib-asistmmu-aes/lib/gaisler/uart/dcom.vhd sub01/vhpl128 1590169618
AR ahb2avl_async_be rtl C:/cygwin64/home/grlib-asistmmu-aes/lib/gaisler/ddr/ahb2avl_async_be.vhd sub00/vhpl93 1590169583
AR greth_mb rtl C:/cygwin64/home/grlib-asistmmu-aes/lib/gaisler/greth/greth_mb.vhd sub02/vhpl220 1590169711
PH leon3 NULL C:/cygwin64/home/grlib-asistmmu-aes/lib/gaisler/leon3/leon3.vhd sub00/vhpl02 1590169468
AR grfpwx rtl C:/cygwin64/home/grlib-asistmmu-aes/lib/gaisler/leon3v3/grfpwx.vhd sub00/vhpl79 1590169569
AR leon3s rtl C:/cygwin64/home/grlib-asistmmu-aes/lib/gaisler/leon3v3/leon3s.vhd sub01/vhpl160 1590169651
EN spictrlx NULL C:/cygwin64/home/grlib-asistmmu-aes/lib/gaisler/spi/spictrlx.vhd sub00/vhpl84 1590169574
PH net NULL C:/cygwin64/home/grlib-asistmmu-aes/lib/gaisler/net/net.vhd sub00/vhpl36 1590169519
EN gptimer NULL C:/cygwin64/home/grlib-asistmmu-aes/lib/gaisler/misc/gptimer.vhd sub01/vhpl167 1590169658
AR ddr2buf rtl C:/cygwin64/home/grlib-asistmmu-aes/lib/gaisler/ddr/ddr2buf.vhd sub00/vhpl59 1590169545
AR mmutlbcam rtl C:/cygwin64/home/grlib-asistmmu-aes/lib/gaisler/srmmu/mmutlbcam.vhd sub00/vhpl11 1590169477
EN spictrl NULL C:/cygwin64/home/grlib-asistmmu-aes/lib/gaisler/spi/spictrl.vhd sub02/vhpl245 1590169736
AR ddr1spax rtl C:/cygwin64/home/grlib-asistmmu-aes/lib/gaisler/ddr/ddr1spax.vhd sub01/vhpl113 1590169603
AR i2c2ahb_apb rtl C:/cygwin64/home/grlib-asistmmu-aes/lib/gaisler/i2c/i2c2ahb_apb.vhd sub00/vhpl87 1590169577
EN ahbram NULL C:/cygwin64/home/grlib-asistmmu-aes/lib/gaisler/misc/ahbram.vhd sub01/vhpl169 1590169660
EN dsu3_mb NULL C:/cygwin64/home/grlib-asistmmu-aes/lib/gaisler/leon3v3/dsu3_mb.vhd sub01/vhpl155 1590169646
AR grgprbank rtl C:/cygwin64/home/grlib-asistmmu-aes/lib/gaisler/misc/grgprbank.vhd sub01/vhpl196 1590169687
PH ddrintpkg NULL C:/cygwin64/home/grlib-asistmmu-aes/lib/gaisler/ddr/ddrintpkg.vhd sub00/vhpl34 1590169514
AR leon3x rtl C:/cygwin64/home/grlib-asistmmu-aes/lib/gaisler/leon3v3/leon3x.vhd sub01/vhpl139 1590169629
EN sdmctrl NULL C:/cygwin64/home/grlib-asistmmu-aes/lib/gaisler/memctrl/sdmctrl.vhd sub01/vhpl147 1590169638
PH libleon3 NULL C:/cygwin64/home/grlib-asistmmu-aes/lib/gaisler/leon3v3/libleon3.vhd sub00/vhpl22 1590169500
EN mmu NULL C:/cygwin64/home/grlib-asistmmu-aes/lib/gaisler/srmmu/mmu.vhd sub00/vhpl31 1590169509
AR irqmp rtl C:/cygwin64/home/grlib-asistmmu-aes/lib/gaisler/irqmp/irqmp.vhd sub01/vhpl164 1590169655
AR spictrl rtl C:/cygwin64/home/grlib-asistmmu-aes/lib/gaisler/spi/spictrl.vhd sub02/vhpl246 1590169737
EN ddrspa NULL C:/cygwin64/home/grlib-asistmmu-aes/lib/gaisler/ddr/ddrspa.vhd sub02/vhpl227 1590169718
AR spimctrl rtl C:/cygwin64/home/grlib-asistmmu-aes/lib/gaisler/spi/spimctrl.vhd sub02/vhpl244 1590169735
EN bscanregs NULL C:/cygwin64/home/grlib-asistmmu-aes/lib/gaisler/jtag/bscanregs.vhd sub02/vhpl215 1590169706
PH memctrl NULL C:/cygwin64/home/grlib-asistmmu-aes/lib/gaisler/memctrl/memctrl.vhd sub01/vhpl142 1590169632
EN mmutlbcam NULL C:/cygwin64/home/grlib-asistmmu-aes/lib/gaisler/srmmu/mmutlbcam.vhd sub00/vhpl10 1590169476
EN pciahbmst NULL C:/cygwin64/home/grlib-asistmmu-aes/lib/gaisler/pci/grpci1/pciahbmst.vhd sub00/vhpl66 1590169556
EN ahbuart NULL C:/cygwin64/home/grlib-asistmmu-aes/lib/gaisler/uart/ahbuart.vhd sub02/vhpl209 1590169700
AR greth rtl C:/cygwin64/home/grlib-asistmmu-aes/lib/gaisler/greth/greth.vhd sub01/vhpl117 1590169607
PH ahb2mig_series7_pkg NULL C:/cygwin64/home/grlib-asistmmu-aes/lib/gaisler/ddr/ahb2mig_series7_pkg.vhd sub00/vhpl94 1590169584
EN i2cslv NULL C:/cygwin64/home/grlib-asistmmu-aes/lib/gaisler/i2c/i2cslv.vhd sub02/vhpl237 1590169728
PH pci NULL C:/cygwin64/home/grlib-asistmmu-aes/lib/gaisler/pci/pci.vhd sub00/vhpl40 1590169523
AR ahb2mig_series7 rtl C:/cygwin64/home/grlib-asistmmu-aes/lib/gaisler/ddr/ahb2mig_series7.vhd sub02/vhpl232 1590169723
AR ahbuart struct C:/cygwin64/home/grlib-asistmmu-aes/lib/gaisler/uart/ahbuart.vhd sub02/vhpl210 1590169701
EN grfpushwx NULL C:/cygwin64/home/grlib-asistmmu-aes/lib/gaisler/leon3/grfpushwx.vhd sub01/vhpl151 1590169642
AR iu3 rtl C:/cygwin64/home/grlib-asistmmu-aes/lib/gaisler/leon3v3/iu3.vhd sub00/vhpl44 1590169527
EN div32 NULL C:/cygwin64/home/grlib-asistmmu-aes/lib/gaisler/arith/div32.vhd sub00/vhpl47 1590169530
AR leon3cg rtl C:/cygwin64/home/grlib-asistmmu-aes/lib/gaisler/leon3v3/leon3cg.vhd sub01/vhpl158 1590169649
AR sdmctrl rtl C:/cygwin64/home/grlib-asistmmu-aes/lib/gaisler/memctrl/sdmctrl.vhd sub01/vhpl148 1590169639
AR ahbtrace rtl C:/cygwin64/home/grlib-asistmmu-aes/lib/gaisler/misc/ahbtrace.vhd sub01/vhpl174 1590169665
AR pci_mtf rtl C:/cygwin64/home/grlib-asistmmu-aes/lib/gaisler/pci/grpci1/pci_mtf.vhd sub01/vhpl132 1590169622
PB ahb2mig_series7_pkg ahb2mig_series7_pkg C:/cygwin64/home/grlib-asistmmu-aes/lib/gaisler/ddr/ahb2mig_series7_pkg.vhd sub00/vhpl95 1590169585
AR i2c2ahb rtl C:/cygwin64/home/grlib-asistmmu-aes/lib/gaisler/i2c/i2c2ahb.vhd sub00/vhpl89 1590169579
EN ddr2spax_ahb NULL C:/cygwin64/home/grlib-asistmmu-aes/lib/gaisler/ddr/ddr2spax_ahb.vhd sub00/vhpl54 1590169540
AR grsysmon rtl C:/cygwin64/home/grlib-asistmmu-aes/lib/gaisler/misc/grsysmon.vhd sub01/vhpl188 1590169679
EN ddr1spax_ddr NULL C:/cygwin64/home/grlib-asistmmu-aes/lib/gaisler/ddr/ddr1spax_ddr.vhd sub00/vhpl60 1590169546
EN apbvga NULL C:/cygwin64/home/grlib-asistmmu-aes/lib/gaisler/misc/apbvga.vhd sub01/vhpl183 1590169674
EN ddrphy_wrap_cbd_wo_pads NULL C:/cygwin64/home/grlib-asistmmu-aes/lib/gaisler/ddr/ddrphy_wrap.vhd sub01/vhpl100 1590169590
AR ddrspa rtl C:/cygwin64/home/grlib-asistmmu-aes/lib/gaisler/ddr/ddrspa.vhd sub02/vhpl228 1590169719
AR ddr2spax rtl C:/cygwin64/home/grlib-asistmmu-aes/lib/gaisler/ddr/ddr2spax.vhd sub01/vhpl111 1590169601
AR ahb_mst_iface rtl C:/cygwin64/home/grlib-asistmmu-aes/lib/gaisler/misc/ahb_mst_iface.vhd sub01/vhpl194 1590169685
EN i2cmst_gen NULL C:/cygwin64/home/grlib-asistmmu-aes/lib/gaisler/i2c/i2cmst_gen.vhd sub02/vhpl235 1590169726
EN dcom_uart NULL C:/cygwin64/home/grlib-asistmmu-aes/lib/gaisler/uart/dcom_uart.vhd sub01/vhpl125 1590169615
EN sdctrl64 NULL C:/cygwin64/home/grlib-asistmmu-aes/lib/gaisler/memctrl/sdctrl64.vhd sub01/vhpl145 1590169636
AR pci_mt rtl C:/cygwin64/home/grlib-asistmmu-aes/lib/gaisler/pci/grpci1/pci_mt.vhd sub02/vhpl204 1590169695
EN rgmii NULL C:/cygwin64/home/grlib-asistmmu-aes/lib/gaisler/greth/rgmii.vhd sub02/vhpl225 1590169716
EN i2c2ahb_apb NULL C:/cygwin64/home/grlib-asistmmu-aes/lib/gaisler/i2c/i2c2ahb_apb.vhd sub00/vhpl86 1590169576
PH libjtagcom NULL C:/cygwin64/home/grlib-asistmmu-aes/lib/gaisler/jtag/libjtagcom.vhd sub00/vhpl63 1590169553
AR spictrlx rtl C:/cygwin64/home/grlib-asistmmu-aes/lib/gaisler/spi/spictrlx.vhd sub00/vhpl85 1590169575
PH l2cache NULL C:/cygwin64/home/grlib-asistmmu-aes/lib/gaisler/l2cache/v2-pkg/l2cache.vhd sub01/vhpl165 1590169656
AR ahbdpram rtl C:/cygwin64/home/grlib-asistmmu-aes/lib/gaisler/misc/ahbdpram.vhd sub01/vhpl172 1590169663
EN ahb2mig_series7 NULL C:/cygwin64/home/grlib-asistmmu-aes/lib/gaisler/ddr/ahb2mig_series7.vhd sub02/vhpl231 1590169722
AR cachemem rtl C:/cygwin64/home/grlib-asistmmu-aes/lib/gaisler/leon3v3/cachemem.vhd sub00/vhpl73 1590169563
EN lpddr2phy_wrap_cbd_wo_pads NULL C:/cygwin64/home/grlib-asistmmu-aes/lib/gaisler/ddr/ddrphy_wrap.vhd sub01/vhpl108 1590169598
AR leon3sh rtl C:/cygwin64/home/grlib-asistmmu-aes/lib/gaisler/leon3v3/leon3sh.vhd sub01/vhpl162 1590169653
AR greth_gbit_mb rtl C:/cygwin64/home/grlib-asistmmu-aes/lib/gaisler/greth/greth_gbit_mb.vhd sub02/vhpl222 1590169713
EN leon3cg NULL C:/cygwin64/home/grlib-asistmmu-aes/lib/gaisler/leon3v3/leon3cg.vhd sub01/vhpl157 1590169648
AR mmu_acache rtl C:/cygwin64/home/grlib-asistmmu-aes/lib/gaisler/leon3v3/mmu_acache.vhd sub00/vhpl30 1590169508
AR jtagcom rtl C:/cygwin64/home/grlib-asistmmu-aes/lib/gaisler/jtag/jtagcom.vhd sub01/vhpl122 1590169612
AR ddr2phy_wrap_cbd rtl C:/cygwin64/home/grlib-asistmmu-aes/lib/gaisler/ddr/ddrphy_wrap.vhd sub01/vhpl105 1590169595
AR ahbjtag struct C:/cygwin64/home/grlib-asistmmu-aes/lib/gaisler/jtag/ahbjtag.vhd sub02/vhpl212 1590169703
AR charrom rtl C:/cygwin64/home/grlib-asistmmu-aes/lib/gaisler/misc/charrom.vhd sub01/vhpl135 1590169625
AR mmulru rtl C:/cygwin64/home/grlib-asistmmu-aes/lib/gaisler/srmmu/mmulru.vhd sub00/vhpl13 1590169479
AR ahbjtag_bsd struct C:/cygwin64/home/grlib-asistmmu-aes/lib/gaisler/jtag/ahbjtag_bsd.vhd sub02/vhpl214 1590169705
AR grgpreg rtl C:/cygwin64/home/grlib-asistmmu-aes/lib/gaisler/misc/grgpreg.vhd sub01/vhpl192 1590169683
AR dsu3 rtl C:/cygwin64/home/grlib-asistmmu-aes/lib/gaisler/leon3v3/dsu3.vhd sub01/vhpl154 1590169645
PH arith NULL C:/cygwin64/home/grlib-asistmmu-aes/lib/gaisler/arith/arith.vhd sub00/vhpl08 1590169474
AR gracectrl rtl C:/cygwin64/home/grlib-asistmmu-aes/lib/gaisler/misc/gracectrl.vhd sub01/vhpl190 1590169681
EN ahbjtag_bsd NULL C:/cygwin64/home/grlib-asistmmu-aes/lib/gaisler/jtag/ahbjtag_bsd.vhd sub02/vhpl213 1590169704
AR mmu_cache rtl C:/cygwin64/home/grlib-asistmmu-aes/lib/gaisler/leon3v3/mmu_cache.vhd sub00/vhpl50 1590169533
