PB pcie pcie C:/cygwin64/home/grlib-asistmmu-aes/lib/gaisler/pcie/pcie.vhd sub00/vhpl02 1590169752
EN svga2ch7301c NULL C:/cygwin64/home/grlib-asistmmu-aes/designs/leon3-xilinx-ml50x/svga2ch7301c.vhd sub00/vhpl08 1590169758
EN ahbrom NULL C:/cygwin64/home/grlib-asistmmu-aes/designs/leon3-xilinx-ml50x/ahbrom.vhd sub00/vhpl06 1590169756
MO aes_sbox NULL ../../lib/gaisler/leon3v3/aes_sbox.v vlg34/aes__sbox.bin 1590169017
PH config NULL C:/cygwin64/home/grlib-asistmmu-aes/designs/leon3-xilinx-ml50x/config.vhd sub00/vhpl00 1590169750
AR ahbrom rtl C:/cygwin64/home/grlib-asistmmu-aes/designs/leon3-xilinx-ml50x/ahbrom.vhd sub00/vhpl07 1590169757
AR svga2ch7301c rtl C:/cygwin64/home/grlib-asistmmu-aes/designs/leon3-xilinx-ml50x/svga2ch7301c.vhd sub00/vhpl09 1590169759
MO aes_rcon NULL ../../lib/gaisler/leon3v3/aes_rcon.v vlg46/aes__rcon.bin 1590169017
EN leon3mp NULL C:/cygwin64/home/grlib-asistmmu-aes/designs/leon3-xilinx-ml50x/leon3mp.vhd sub00/vhpl10 1590169760
PH pcie NULL C:/cygwin64/home/grlib-asistmmu-aes/lib/gaisler/pcie/pcie.vhd sub00/vhpl01 1590169751
EN ahb2mig_ml50x NULL C:/cygwin64/home/grlib-asistmmu-aes/designs/leon3-xilinx-ml50x/ahb2mig_ml50x.vhd sub00/vhpl04 1590169754
PH ml50x NULL C:/cygwin64/home/grlib-asistmmu-aes/designs/leon3-xilinx-ml50x/ahb2mig_ml50x.vhd sub00/vhpl03 1590169753
AR leon3mp rtl C:/cygwin64/home/grlib-asistmmu-aes/designs/leon3-xilinx-ml50x/leon3mp.vhd sub00/vhpl11 1590169761
MO aes_key_expand_128 NULL ../../lib/gaisler/leon3v3/aes_key_expand_128.v vlg62/aes__key__expand__128.bin 1590169017
MO aes_inv_cipher_top NULL ../../lib/gaisler/leon3v3/aes_inv_cipher_top.v vlg05/aes__inv__cipher__top.bin 1590169017
AR ahb2mig_ml50x rtl C:/cygwin64/home/grlib-asistmmu-aes/designs/leon3-xilinx-ml50x/ahb2mig_ml50x.vhd sub00/vhpl05 1590169755
MO aes_inv_sbox NULL ../../lib/gaisler/leon3v3/aes_inv_sbox.v vlg64/aes__inv__sbox.bin 1590169017
