EN pciarb NULL C:/cygwin64/home/grlib-asistmmu-aes/lib/esa/pci/pciarb.vhd sub00/vhpl07 1590169748
PH pcicomp NULL C:/cygwin64/home/grlib-asistmmu-aes/lib/esa/pci/pcicomp.vhd sub00/vhpl06 1590169747
AR pci_arb rtl C:/cygwin64/home/grlib-asistmmu-aes/lib/esa/pci/pci_arb.vhd sub00/vhpl02 1590169743
PH pci_arb_pkg NULL C:/cygwin64/home/grlib-asistmmu-aes/lib/esa/pci/pci_arb_pkg.vhd sub00/vhpl00 1590169633
EN mctrl NULL C:/cygwin64/home/grlib-asistmmu-aes/lib/esa/memoryctrl/mctrl.vhd sub00/vhpl04 1590169745
AR mctrl rtl C:/cygwin64/home/grlib-asistmmu-aes/lib/esa/memoryctrl/mctrl.vhd sub00/vhpl05 1590169746
PH memoryctrl NULL C:/cygwin64/home/grlib-asistmmu-aes/lib/esa/memoryctrl/memoryctrl.vhd sub00/vhpl03 1590169744
AR pciarb rtl C:/cygwin64/home/grlib-asistmmu-aes/lib/esa/pci/pciarb.vhd sub00/vhpl08 1590169749
EN pci_arb NULL C:/cygwin64/home/grlib-asistmmu-aes/lib/esa/pci/pci_arb.vhd sub00/vhpl01 1590169742
