V3 24
FL C:/cygwin64/home/grlib-asistmmu-aes/lib/esa/memoryctrl/mctrl.vhd 2014/04/16.17:51:32 P.49d
EN esa/mctrl 1590169745 \
      FL C:/cygwin64/home/grlib-asistmmu-aes/lib/esa/memoryctrl/mctrl.vhd \
      PB ieee/std_logic_1164 1354696159 LB grlib PB grlib/amba 1590169016 \
      PH grlib/devices 1590169017 PB grlib/stdlib 1590169014 LB gaisler \
      PH gaisler/memctrl 1590169632 LB esa PH esa/memoryctrl 1590169744
AR esa/mctrl/rtl 1590169746 \
      FL C:/cygwin64/home/grlib-asistmmu-aes/lib/esa/memoryctrl/mctrl.vhd \
      EN esa/mctrl 1590169745 CP sdmctrl
FL C:/cygwin64/home/grlib-asistmmu-aes/lib/esa/memoryctrl/memoryctrl.vhd 2014/04/16.17:51:32 P.49d
PH esa/memoryctrl 1590169744 \
      FL C:/cygwin64/home/grlib-asistmmu-aes/lib/esa/memoryctrl/memoryctrl.vhd \
      PB ieee/std_logic_1164 1354696159 LB grlib PB grlib/amba 1590169016 \
      LB gaisler PH gaisler/memctrl 1590169632 CD mctrl
FL C:/cygwin64/home/grlib-asistmmu-aes/lib/esa/pci/pciarb.vhd 2014/04/16.17:51:32 P.49d
EN esa/pciarb 1590169748 \
      FL C:/cygwin64/home/grlib-asistmmu-aes/lib/esa/pci/pciarb.vhd LB grlib \
      LB gaisler LB esa LB techmap PB ieee/std_logic_1164 1354696159 PB grlib/stdlib 1590169014 \
      PB grlib/amba 1590169016 PH grlib/devices 1590169017 PH techmap/gencomp 1590169158 \
      PH techmap/netcomp 1590169356 PH esa/pci_arb_pkg 1590169633
AR esa/pciarb/rtl 1590169749 \
      FL C:/cygwin64/home/grlib-asistmmu-aes/lib/esa/pci/pciarb.vhd EN esa/pciarb 1590169748 \
      CP pci_arb CP pci_arb_net
FL C:/cygwin64/home/grlib-asistmmu-aes/lib/esa/pci/pcicomp.vhd 2014/04/16.17:51:32 P.49d
PH esa/pcicomp 1590169747 \
      FL C:/cygwin64/home/grlib-asistmmu-aes/lib/esa/pci/pcicomp.vhd LB grlib \
      LB techmap PB grlib/amba 1590169016 PH techmap/gencomp 1590169158 \
      PB ieee/std_logic_1164 1354696159 CD pciarb
FL C:/cygwin64/home/grlib-asistmmu-aes/lib/esa/pci/pci_arb.vhd 2014/04/16.17:51:32 P.49d
EN esa/pci_arb 1590169742 \
      FL C:/cygwin64/home/grlib-asistmmu-aes/lib/esa/pci/pci_arb.vhd \
      PB ieee/std_logic_1164 1354696159 LB grlib PB grlib/stdlib 1590169014 LB esa \
      PH esa/pci_arb_pkg 1590169633
AR esa/pci_arb/rtl 1590169743 \
      FL C:/cygwin64/home/grlib-asistmmu-aes/lib/esa/pci/pci_arb.vhd \
      EN esa/pci_arb 1590169742
FL C:/cygwin64/home/grlib-asistmmu-aes/lib/esa/pci/pci_arb_pkg.vhd 2014/04/16.17:51:32 P.49d
PH esa/pci_arb_pkg 1590169633 \
      FL C:/cygwin64/home/grlib-asistmmu-aes/lib/esa/pci/pci_arb_pkg.vhd \
      PB ieee/std_logic_1164 1354696159
