#-----------------------------------------------------------
# PlanAhead v14.4 (64-bit)
# Build 222254 by xbuild on Tue Dec 18 05:21:09 MST 2012
# Start of session at: Fri May 22 12:23:07 2020
# Process ID: 9944
# Log file: C:/cygwin64/home/Chri/grlib-asistmmu-aes/designs/leon3-xilinx-ml50x/planAhead.log
# Journal file: C:/cygwin64/home/Chri/grlib-asistmmu-aes/designs/leon3-xilinx-ml50x\planAhead.jou
#-----------------------------------------------------------
start_gui
source ./planahead/leon3mp_planAhead.tcl
update_compile_order -fileset sources_1
update_compile_order -fileset sim_1
launch_runs synth_1
wait_on_run synth_1
reset_run synth_1
launch_runs synth_1
wait_on_run synth_1
update_compile_order -fileset sources_1
update_compile_order -fileset sources_1
reset_run synth_1
launch_runs synth_1
wait_on_run synth_1
launch_runs impl_1
wait_on_run impl_1
launch_runs impl_1 -to_step Bitgen
wait_on_run impl_1
launch_impact 
set_property steps.bitgen.args.d true [get_runs impl_1]
set_property steps.bitgen.args.m true [get_runs impl_1]
reset_run impl_1 -prev_step 
launch_runs impl_1 -to_step Bitgen
wait_on_run impl_1
launch_impact 
