AR outpad_dsv rtl C:/cygwin64/home/grlib-asistmmu-aes/lib/techmap/maps/outpad_ds.vhd sub01/vhpl104 1590169262
EN unisim_syncram128 NULL C:/cygwin64/home/grlib-asistmmu-aes/lib/techmap/unisim/memory_unisim.vhd sub00/vhpl52 1590169210
EN scanregto NULL C:/cygwin64/home/grlib-asistmmu-aes/lib/techmap/maps/scanreg.vhd sub02/vhpl296 1590169455
AR grand12 rtl C:/cygwin64/home/grlib-asistmmu-aes/lib/techmap/maps/grgates.vhd sub00/vhpl37 1590169195
AR clkmux_xilinx rtl C:/cygwin64/home/grlib-asistmmu-aes/lib/techmap/unisim/buffer_unisim.vhd sub00/vhpl90 1590169248
EN ddrpads NULL C:/cygwin64/home/grlib-asistmmu-aes/lib/techmap/maps/ddrphy.vhd sub02/vhpl210 1590169369
AR spartan3e_ddr_phy rtl C:/cygwin64/home/grlib-asistmmu-aes/lib/techmap/unisim/ddr_phy_unisim.vhd sub01/vhpl178 1590169336
EN clkmux NULL C:/cygwin64/home/grlib-asistmmu-aes/lib/techmap/maps/clkmux.vhd sub01/vhpl169 1590169327
AR gen_mul_61x61 rtl C:/cygwin64/home/grlib-asistmmu-aes/lib/techmap/inferred/mul_inferred.vhd sub01/vhpl130 1590169288
AR ringosc rtl C:/cygwin64/home/grlib-asistmmu-aes/lib/techmap/maps/ringosc.vhd sub02/vhpl263 1590169422
PH allmem NULL C:/cygwin64/home/grlib-asistmmu-aes/lib/techmap/maps/allmem.vhd sub00/vhpl27 1590169185
EN toutpad NULL C:/cygwin64/home/grlib-asistmmu-aes/lib/techmap/maps/toutpad.vhd sub02/vhpl242 1590169401
EN syncram_2pbw NULL C:/cygwin64/home/grlib-asistmmu-aes/lib/techmap/maps/syncram_2pbw.vhd sub03/vhpl302 1590169461
EN inpadv NULL C:/cygwin64/home/grlib-asistmmu-aes/lib/techmap/maps/inpad.vhd sub01/vhpl137 1590169295
EN unisim_syncram NULL C:/cygwin64/home/grlib-asistmmu-aes/lib/techmap/unisim/memory_unisim.vhd sub00/vhpl44 1590169202
EN iopad NULL C:/cygwin64/home/grlib-asistmmu-aes/lib/techmap/maps/iopad.vhd sub01/vhpl117 1590169275
AR outpad_ddr rtl C:/cygwin64/home/grlib-asistmmu-aes/lib/techmap/maps/outpad_ddr.vhd sub02/vhpl271 1590169430
EN virtex5_tap NULL C:/cygwin64/home/grlib-asistmmu-aes/lib/techmap/unisim/tap_unisim.vhd sub01/vhpl157 1590169315
EN syncrambw NULL C:/cygwin64/home/grlib-asistmmu-aes/lib/techmap/maps/syncrambw.vhd sub03/vhpl300 1590169459
EN clkpad_ds NULL C:/cygwin64/home/grlib-asistmmu-aes/lib/techmap/maps/clkpad_ds.vhd sub02/vhpl230 1590169389
AR techmult rtl C:/cygwin64/home/grlib-asistmmu-aes/lib/techmap/maps/techmult.vhd sub02/vhpl289 1590169448
EN generic_syncram_2p_reg NULL C:/cygwin64/home/grlib-asistmmu-aes/lib/techmap/inferred/memory_inferred.vhd sub00/vhpl07 1590169165
EN ddr2phy_wo_pads NULL C:/cygwin64/home/grlib-asistmmu-aes/lib/techmap/maps/ddrphy.vhd sub02/vhpl216 1590169375
EN fpu_disas_net NULL C:/cygwin64/home/grlib-asistmmu-aes/lib/techmap/maps/cpu_disas_net.vhd sub02/vhpl260 1590169419
AR ddr2phy rtl C:/cygwin64/home/grlib-asistmmu-aes/lib/techmap/maps/ddrphy.vhd sub02/vhpl215 1590169374
EN ddrphy_wo_pads NULL C:/cygwin64/home/grlib-asistmmu-aes/lib/techmap/maps/ddrphy.vhd sub02/vhpl208 1590169367
EN unisim_syncram_2p NULL C:/cygwin64/home/grlib-asistmmu-aes/lib/techmap/unisim/memory_unisim.vhd sub00/vhpl48 1590169206
EN toutpadvv NULL C:/cygwin64/home/grlib-asistmmu-aes/lib/techmap/maps/toutpad.vhd sub02/vhpl246 1590169405
AR spartan6_ddr2_phy_wo_pads rtl C:/cygwin64/home/grlib-asistmmu-aes/lib/techmap/unisim/ddr_phy_unisim.vhd sub01/vhpl184 1590169342
AR outpad rtl C:/cygwin64/home/grlib-asistmmu-aes/lib/techmap/maps/outpad.vhd sub01/vhpl106 1590169264
AR syncram_2pbw rtl C:/cygwin64/home/grlib-asistmmu-aes/lib/techmap/maps/syncram_2pbw.vhd sub03/vhpl303 1590169462
EN clkand NULL C:/cygwin64/home/grlib-asistmmu-aes/lib/techmap/maps/clkand.vhd sub02/vhpl202 1590169361
EN grdff NULL C:/cygwin64/home/grlib-asistmmu-aes/lib/techmap/maps/grgates.vhd sub00/vhpl32 1590169190
EN ddr2phy NULL C:/cygwin64/home/grlib-asistmmu-aes/lib/techmap/maps/ddrphy.vhd sub02/vhpl214 1590169373
EN unisim_outpad_ds NULL C:/cygwin64/home/grlib-asistmmu-aes/lib/techmap/unisim/pads_unisim.vhd sub00/vhpl83 1590169241
EN generic_ddr_phy_wo_pads NULL C:/cygwin64/home/grlib-asistmmu-aes/lib/techmap/inferred/ddr_phy_inferred.vhd sub01/vhpl185 1590169343
AR clkmul_virtex2 struct C:/cygwin64/home/grlib-asistmmu-aes/lib/techmap/unisim/clkgen_virtex.vhd sub01/vhpl194 1590169352
AR virtex7_tap rtl C:/cygwin64/home/grlib-asistmmu-aes/lib/techmap/unisim/tap_unisim.vhd sub01/vhpl164 1590169322
PH allpads NULL C:/cygwin64/home/grlib-asistmmu-aes/lib/techmap/maps/allpads.vhd sub00/vhpl60 1590169218
AR clkgen struct C:/cygwin64/home/grlib-asistmmu-aes/lib/techmap/maps/clkgen.vhd sub01/vhpl199 1590169358
EN unisim_skew_outpad NULL C:/cygwin64/home/grlib-asistmmu-aes/lib/techmap/unisim/pads_unisim.vhd sub00/vhpl69 1590169227
AR spictrl_net rtl C:/cygwin64/home/grlib-asistmmu-aes/lib/techmap/maps/spictrl_net.vhd sub02/vhpl291 1590169450
EN odpad NULL C:/cygwin64/home/grlib-asistmmu-aes/lib/techmap/maps/odpad.vhd sub02/vhpl238 1590169397
EN odpadv NULL C:/cygwin64/home/grlib-asistmmu-aes/lib/techmap/maps/odpad.vhd sub02/vhpl240 1590169399
EN clkmul_virtex2 NULL C:/cygwin64/home/grlib-asistmmu-aes/lib/techmap/unisim/clkgen_virtex.vhd sub01/vhpl193 1590169351
AR unisim_syncram128bw behav C:/cygwin64/home/grlib-asistmmu-aes/lib/techmap/unisim/memory_unisim.vhd sub00/vhpl55 1590169213
EN ddr2pads NULL C:/cygwin64/home/grlib-asistmmu-aes/lib/techmap/maps/ddrphy.vhd sub02/vhpl212 1590169371
AR virtex4_ddr_phy rtl C:/cygwin64/home/grlib-asistmmu-aes/lib/techmap/unisim/ddr_phy_unisim.vhd sub01/vhpl174 1590169332
EN gen_mult_pipe NULL C:/cygwin64/home/grlib-asistmmu-aes/lib/techmap/inferred/mul_inferred.vhd sub01/vhpl131 1590169289
EN spartan3a_ddr2_phy NULL C:/cygwin64/home/grlib-asistmmu-aes/lib/techmap/unisim/ddr_phy_unisim.vhd sub01/vhpl181 1590169339
AR spartan6_tap rtl C:/cygwin64/home/grlib-asistmmu-aes/lib/techmap/unisim/tap_unisim.vhd sub01/vhpl162 1590169320
EN outpad_ds NULL C:/cygwin64/home/grlib-asistmmu-aes/lib/techmap/maps/outpad_ds.vhd sub01/vhpl101 1590169259
EN generic_ddr2_phy_wo_pads NULL C:/cygwin64/home/grlib-asistmmu-aes/lib/techmap/inferred/ddr_phy_inferred.vhd sub01/vhpl187 1590169345
AR odpad rtl C:/cygwin64/home/grlib-asistmmu-aes/lib/techmap/maps/odpad.vhd sub02/vhpl239 1590169398
EN spartan6_ddr2_phy_wo_pads NULL C:/cygwin64/home/grlib-asistmmu-aes/lib/techmap/unisim/ddr_phy_unisim.vhd sub01/vhpl183 1590169341
EN unisim_syncram64 NULL C:/cygwin64/home/grlib-asistmmu-aes/lib/techmap/unisim/memory_unisim.vhd sub00/vhpl50 1590169208
AR unisim_iddr_reg rtl C:/cygwin64/home/grlib-asistmmu-aes/lib/techmap/unisim/ddr_unisim.vhd sub00/vhpl20 1590169178
AR toutpadvv rtl C:/cygwin64/home/grlib-asistmmu-aes/lib/techmap/maps/toutpad.vhd sub02/vhpl247 1590169406
AR ddrphy_wo_pads rtl C:/cygwin64/home/grlib-asistmmu-aes/lib/techmap/maps/ddrphy.vhd sub02/vhpl209 1590169368
EN virtex4_ddr_phy NULL C:/cygwin64/home/grlib-asistmmu-aes/lib/techmap/unisim/ddr_phy_unisim.vhd sub01/vhpl173 1590169331
PH allmul NULL C:/cygwin64/home/grlib-asistmmu-aes/lib/techmap/maps/allmul.vhd sub01/vhpl128 1590169286
AR syncram_dp rtl C:/cygwin64/home/grlib-asistmmu-aes/lib/techmap/maps/syncram_dp.vhd sub02/vhpl221 1590169380
AR virtex2_tap rtl C:/cygwin64/home/grlib-asistmmu-aes/lib/techmap/unisim/tap_unisim.vhd sub01/vhpl152 1590169310
EN generic_syncram_2p NULL C:/cygwin64/home/grlib-asistmmu-aes/lib/techmap/inferred/memory_inferred.vhd sub00/vhpl05 1590169163
EN ringosc NULL C:/cygwin64/home/grlib-asistmmu-aes/lib/techmap/maps/ringosc.vhd sub02/vhpl262 1590169421
AR unisim_iopad rtl C:/cygwin64/home/grlib-asistmmu-aes/lib/techmap/unisim/pads_unisim.vhd sub00/vhpl64 1590169222
AR syncreg tmap C:/cygwin64/home/grlib-asistmmu-aes/lib/techmap/maps/syncreg.vhd sub03/vhpl307 1590169466
EN ddr_oreg NULL C:/cygwin64/home/grlib-asistmmu-aes/lib/techmap/maps/ddr_oreg.vhd sub00/vhpl56 1590169214
EN syncram_dp NULL C:/cygwin64/home/grlib-asistmmu-aes/lib/techmap/maps/syncram_dp.vhd sub02/vhpl220 1590169379
EN virtex2_tap NULL C:/cygwin64/home/grlib-asistmmu-aes/lib/techmap/unisim/tap_unisim.vhd sub01/vhpl151 1590169309
AR odpadv rtl C:/cygwin64/home/grlib-asistmmu-aes/lib/techmap/maps/odpad.vhd sub02/vhpl241 1590169400
EN virtex_syncram_dp NULL C:/cygwin64/home/grlib-asistmmu-aes/lib/techmap/unisim/memory_virtex.vhd sub00/vhpl42 1590169200
EN outpad_ddr NULL C:/cygwin64/home/grlib-asistmmu-aes/lib/techmap/maps/outpad_ddr.vhd sub02/vhpl270 1590169429
AR unisim_oddr_reg rtl C:/cygwin64/home/grlib-asistmmu-aes/lib/techmap/unisim/ddr_unisim.vhd sub00/vhpl22 1590169180
AR clkand rtl C:/cygwin64/home/grlib-asistmmu-aes/lib/techmap/maps/clkand.vhd sub02/vhpl203 1590169362
AR leon4_net rtl C:/cygwin64/home/grlib-asistmmu-aes/lib/techmap/maps/leon4_net.vhd sub02/vhpl255 1590169414
EN generic_regfile_3p NULL C:/cygwin64/home/grlib-asistmmu-aes/lib/techmap/inferred/memory_inferred.vhd sub00/vhpl09 1590169167
AR syncram rtl C:/cygwin64/home/grlib-asistmmu-aes/lib/techmap/maps/syncram.vhd sub00/vhpl86 1590169244
EN virtex7_tap NULL C:/cygwin64/home/grlib-asistmmu-aes/lib/techmap/unisim/tap_unisim.vhd sub01/vhpl163 1590169321
EN techbuf NULL C:/cygwin64/home/grlib-asistmmu-aes/lib/techmap/maps/techbuf.vhd sub01/vhpl171 1590169329
EN generic_regfile_4p NULL C:/cygwin64/home/grlib-asistmmu-aes/lib/techmap/inferred/memory_inferred.vhd sub00/vhpl11 1590169169
AR scanregto tmap C:/cygwin64/home/grlib-asistmmu-aes/lib/techmap/maps/scanreg.vhd sub02/vhpl297 1590169456
EN clkmux_unisim NULL C:/cygwin64/home/grlib-asistmmu-aes/lib/techmap/unisim/clkgen_unisim.vhd sub00/vhpl97 1590169255
AR unisim_outpad_ds rtl C:/cygwin64/home/grlib-asistmmu-aes/lib/techmap/unisim/pads_unisim.vhd sub00/vhpl84 1590169242
AR scanregi tmap C:/cygwin64/home/grlib-asistmmu-aes/lib/techmap/maps/scanreg.vhd sub02/vhpl293 1590169452
AR inpad_ds rtl C:/cygwin64/home/grlib-asistmmu-aes/lib/techmap/maps/inpad_ds.vhd sub01/vhpl146 1590169304
EN scanregi NULL C:/cygwin64/home/grlib-asistmmu-aes/lib/techmap/maps/scanreg.vhd sub02/vhpl292 1590169451
AR lpddr2phy_wo_pads tmap C:/cygwin64/home/grlib-asistmmu-aes/lib/techmap/maps/ddrphy.vhd sub02/vhpl219 1590169378
EN unisim_inpad NULL C:/cygwin64/home/grlib-asistmmu-aes/lib/techmap/unisim/pads_unisim.vhd sub00/vhpl61 1590169219
EN ddr_ireg NULL C:/cygwin64/home/grlib-asistmmu-aes/lib/techmap/maps/ddr_ireg.vhd sub00/vhpl58 1590169216
EN scanrego NULL C:/cygwin64/home/grlib-asistmmu-aes/lib/techmap/maps/scanreg.vhd sub02/vhpl294 1590169453
EN unisim_iddr_reg NULL C:/cygwin64/home/grlib-asistmmu-aes/lib/techmap/unisim/ddr_unisim.vhd sub00/vhpl19 1590169177
EN spictrl_unisim NULL C:/cygwin64/home/grlib-asistmmu-aes/lib/techmap/unisim/spictrl_unisim.vhd sub01/vhpl126 1590169284
EN syncram64 NULL C:/cygwin64/home/grlib-asistmmu-aes/lib/techmap/maps/syncram64.vhd sub01/vhpl133 1590169291
EN mul_61x61 NULL C:/cygwin64/home/grlib-asistmmu-aes/lib/techmap/maps/mul_61x61.vhd sub02/vhpl256 1590169415
EN unisim_oddr_reg NULL C:/cygwin64/home/grlib-asistmmu-aes/lib/techmap/unisim/ddr_unisim.vhd sub00/vhpl21 1590169179
AR iopad_dsvv rtl C:/cygwin64/home/grlib-asistmmu-aes/lib/techmap/maps/iopad_ds.vhd sub01/vhpl116 1590169274
AR clkpad rtl C:/cygwin64/home/grlib-asistmmu-aes/lib/techmap/maps/clkpad.vhd sub01/vhpl110 1590169268
AR iodpad rtl C:/cygwin64/home/grlib-asistmmu-aes/lib/techmap/maps/iodpad.vhd sub02/vhpl233 1590169392
AR iopad rtl C:/cygwin64/home/grlib-asistmmu-aes/lib/techmap/maps/iopad.vhd sub01/vhpl118 1590169276
AR spartan3a_ddr2_phy rtl C:/cygwin64/home/grlib-asistmmu-aes/lib/techmap/unisim/ddr_phy_unisim.vhd sub01/vhpl182 1590169340
AR nandtree rtl C:/cygwin64/home/grlib-asistmmu-aes/lib/techmap/maps/nandtree.vhd sub02/vhpl229 1590169388
AR generic_syncram_reg behavioral C:/cygwin64/home/grlib-asistmmu-aes/lib/techmap/inferred/memory_inferred.vhd sub00/vhpl04 1590169162
EN gen_iddr_reg NULL C:/cygwin64/home/grlib-asistmmu-aes/lib/techmap/inferred/ddr_inferred.vhd sub00/vhpl15 1590169173
EN syncram156bw NULL C:/cygwin64/home/grlib-asistmmu-aes/lib/techmap/maps/syncram156bw.vhd sub02/vhpl286 1590169445
EN gen_oddr_reg NULL C:/cygwin64/home/grlib-asistmmu-aes/lib/techmap/inferred/ddr_inferred.vhd sub00/vhpl17 1590169175
EN grand12 NULL C:/cygwin64/home/grlib-asistmmu-aes/lib/techmap/maps/grgates.vhd sub00/vhpl36 1590169194
EN grmux2v NULL C:/cygwin64/home/grlib-asistmmu-aes/lib/techmap/maps/grgates.vhd sub00/vhpl30 1590169188
EN grnand2 NULL C:/cygwin64/home/grlib-asistmmu-aes/lib/techmap/maps/grgates.vhd sub00/vhpl38 1590169196
EN clkgen NULL C:/cygwin64/home/grlib-asistmmu-aes/lib/techmap/maps/clkgen.vhd sub01/vhpl198 1590169357
AR unisim_syncram128 behav C:/cygwin64/home/grlib-asistmmu-aes/lib/techmap/unisim/memory_unisim.vhd sub00/vhpl53 1590169211
AR unisim_inpad rtl C:/cygwin64/home/grlib-asistmmu-aes/lib/techmap/unisim/pads_unisim.vhd sub00/vhpl62 1590169220
AR generic_ddr2_phy_wo_pads rtl C:/cygwin64/home/grlib-asistmmu-aes/lib/techmap/inferred/ddr_phy_inferred.vhd sub01/vhpl188 1590169346
AR clkand_unisim rtl C:/cygwin64/home/grlib-asistmmu-aes/lib/techmap/unisim/clkgen_unisim.vhd sub00/vhpl96 1590169254
EN techmult NULL C:/cygwin64/home/grlib-asistmmu-aes/lib/techmap/maps/techmult.vhd sub02/vhpl288 1590169447
AR oddrv2 rtl C:/cygwin64/home/grlib-asistmmu-aes/lib/techmap/unisim/ddr_unisim.vhd sub00/vhpl24 1590169182
AR fpu_disas_net behav C:/cygwin64/home/grlib-asistmmu-aes/lib/techmap/maps/cpu_disas_net.vhd sub02/vhpl261 1590169420
AR clkgen_virtex2 struct C:/cygwin64/home/grlib-asistmmu-aes/lib/techmap/unisim/clkgen_virtex.vhd sub01/vhpl192 1590169350
EN system_monitor NULL C:/cygwin64/home/grlib-asistmmu-aes/lib/techmap/maps/system_monitor.vhd sub02/vhpl264 1590169423
AR generic_syncram_2p_reg behav C:/cygwin64/home/grlib-asistmmu-aes/lib/techmap/inferred/memory_inferred.vhd sub00/vhpl08 1590169166
EN virtex_syncram NULL C:/cygwin64/home/grlib-asistmmu-aes/lib/techmap/unisim/memory_virtex.vhd sub00/vhpl40 1590169198
EN unisim_toutpad NULL C:/cygwin64/home/grlib-asistmmu-aes/lib/techmap/unisim/pads_unisim.vhd sub00/vhpl67 1590169225
AR spictrl_unisim rtl C:/cygwin64/home/grlib-asistmmu-aes/lib/techmap/unisim/spictrl_unisim.vhd sub01/vhpl127 1590169285
AR clkgen_virtex rtl C:/cygwin64/home/grlib-asistmmu-aes/lib/techmap/unisim/clkgen_virtex.vhd sub01/vhpl190 1590169348
PH alltap NULL C:/cygwin64/home/grlib-asistmmu-aes/lib/techmap/maps/alltap.vhd sub01/vhpl125 1590169283
AR unisim_inpad_ds rtl C:/cygwin64/home/grlib-asistmmu-aes/lib/techmap/unisim/pads_unisim.vhd sub00/vhpl74 1590169232
AR scanregio tmap C:/cygwin64/home/grlib-asistmmu-aes/lib/techmap/maps/scanreg.vhd sub02/vhpl299 1590169458
EN oddrc3e NULL C:/cygwin64/home/grlib-asistmmu-aes/lib/techmap/unisim/ddr_unisim.vhd sub00/vhpl25 1590169183
AR outpad_ddrv rtl C:/cygwin64/home/grlib-asistmmu-aes/lib/techmap/maps/outpad_ddr.vhd sub02/vhpl273 1590169432
EN lpddr2phy_wo_pads NULL C:/cygwin64/home/grlib-asistmmu-aes/lib/techmap/maps/ddrphy.vhd sub02/vhpl218 1590169377
AR regfile_3p rtl C:/cygwin64/home/grlib-asistmmu-aes/lib/techmap/maps/regfile_3p.vhd sub02/vhpl225 1590169384
EN outpad_dsv NULL C:/cygwin64/home/grlib-asistmmu-aes/lib/techmap/maps/outpad_ds.vhd sub01/vhpl103 1590169261
PH allddr NULL C:/cygwin64/home/grlib-asistmmu-aes/lib/techmap/maps/allddr.vhd sub00/vhpl14 1590169172
EN virtex4_tap NULL C:/cygwin64/home/grlib-asistmmu-aes/lib/techmap/unisim/tap_unisim.vhd sub01/vhpl155 1590169313
EN oddrv2 NULL C:/cygwin64/home/grlib-asistmmu-aes/lib/techmap/unisim/ddr_unisim.vhd sub00/vhpl23 1590169181
EN gen_mul_61x61 NULL C:/cygwin64/home/grlib-asistmmu-aes/lib/techmap/inferred/mul_inferred.vhd sub01/vhpl129 1590169287
EN ddrphy NULL C:/cygwin64/home/grlib-asistmmu-aes/lib/techmap/maps/ddrphy.vhd sub02/vhpl206 1590169365
AR sdram_phy rtl C:/cygwin64/home/grlib-asistmmu-aes/lib/techmap/maps/sdram_phy.vhd sub03/vhpl305 1590169464
AR skew_outpad rtl C:/cygwin64/home/grlib-asistmmu-aes/lib/techmap/maps/skew_outpad.vhd sub02/vhpl249 1590169408
EN unisim_inpad_ds NULL C:/cygwin64/home/grlib-asistmmu-aes/lib/techmap/unisim/pads_unisim.vhd sub00/vhpl73 1590169231
AR virtex2_ddr_phy rtl C:/cygwin64/home/grlib-asistmmu-aes/lib/techmap/unisim/ddr_phy_unisim.vhd sub01/vhpl176 1590169334
AR cpu_disas_net behav C:/cygwin64/home/grlib-asistmmu-aes/lib/techmap/maps/cpu_disas_net.vhd sub02/vhpl259 1590169418
EN leon4_net NULL C:/cygwin64/home/grlib-asistmmu-aes/lib/techmap/maps/leon4_net.vhd sub02/vhpl254 1590169413
AR toutpad rtl C:/cygwin64/home/grlib-asistmmu-aes/lib/techmap/maps/toutpad.vhd sub02/vhpl243 1590169402
AR system_monitor struct C:/cygwin64/home/grlib-asistmmu-aes/lib/techmap/maps/system_monitor.vhd sub02/vhpl265 1590169424
AR ddrphy_datapath rtl C:/cygwin64/home/grlib-asistmmu-aes/lib/techmap/inferred/ddrphy_datapath.vhd sub01/vhpl100 1590169258
AR scanrego tmap C:/cygwin64/home/grlib-asistmmu-aes/lib/techmap/maps/scanreg.vhd sub02/vhpl295 1590169454
EN cpu_disas_net NULL C:/cygwin64/home/grlib-asistmmu-aes/lib/techmap/maps/cpu_disas_net.vhd sub02/vhpl258 1590169417
EN inpad_ds NULL C:/cygwin64/home/grlib-asistmmu-aes/lib/techmap/maps/inpad_ds.vhd sub01/vhpl145 1590169303
AR unisim_clkpad_ds rtl C:/cygwin64/home/grlib-asistmmu-aes/lib/techmap/unisim/pads_unisim.vhd sub00/vhpl76 1590169234
EN iopad_ddr NULL C:/cygwin64/home/grlib-asistmmu-aes/lib/techmap/maps/iopad_ddr.vhd sub02/vhpl274 1590169433
EN syncram128 NULL C:/cygwin64/home/grlib-asistmmu-aes/lib/techmap/maps/syncram128.vhd sub02/vhpl284 1590169443
EN generic_syncram_reg NULL C:/cygwin64/home/grlib-asistmmu-aes/lib/techmap/inferred/memory_inferred.vhd sub00/vhpl03 1590169161
AR inpad rtl C:/cygwin64/home/grlib-asistmmu-aes/lib/techmap/maps/inpad.vhd sub01/vhpl136 1590169294
EN spictrl_net NULL C:/cygwin64/home/grlib-asistmmu-aes/lib/techmap/maps/spictrl_net.vhd sub02/vhpl290 1590169449
AR clkinv rtl C:/cygwin64/home/grlib-asistmmu-aes/lib/techmap/maps/clkinv.vhd sub02/vhpl201 1590169360
AR virtex4_mul_61x61 beh C:/cygwin64/home/grlib-asistmmu-aes/lib/techmap/unisim/mul_unisim.vhd sub01/vhpl142 1590169300
EN unisim_outpad NULL C:/cygwin64/home/grlib-asistmmu-aes/lib/techmap/unisim/pads_unisim.vhd sub00/vhpl65 1590169223
EN syncram128bw NULL C:/cygwin64/home/grlib-asistmmu-aes/lib/techmap/maps/syncram128bw.vhd sub02/vhpl280 1590169439
AR clkbuf_xilinx rtl C:/cygwin64/home/grlib-asistmmu-aes/lib/techmap/unisim/buffer_unisim.vhd sub00/vhpl88 1590169246
AR clkgen_spartan3 struct C:/cygwin64/home/grlib-asistmmu-aes/lib/techmap/unisim/clkgen_virtex.vhd sub01/vhpl196 1590169354
EN toutpadv NULL C:/cygwin64/home/grlib-asistmmu-aes/lib/techmap/maps/toutpad.vhd sub02/vhpl244 1590169403
AR sysmon_virtex5 struct C:/cygwin64/home/grlib-asistmmu-aes/lib/techmap/unisim/sysmon_unisim.vhd sub01/vhpl140 1590169298
AR clkmux_unisim rtl C:/cygwin64/home/grlib-asistmmu-aes/lib/techmap/unisim/clkgen_unisim.vhd sub00/vhpl98 1590169256
AR generic_ddr_phy_wo_pads rtl C:/cygwin64/home/grlib-asistmmu-aes/lib/techmap/inferred/ddr_phy_inferred.vhd sub01/vhpl186 1590169344
AR gror2 rtl C:/cygwin64/home/grlib-asistmmu-aes/lib/techmap/maps/grgates.vhd sub00/vhpl35 1590169193
AR outpad_ds rtl C:/cygwin64/home/grlib-asistmmu-aes/lib/techmap/maps/outpad_ds.vhd sub01/vhpl102 1590169260
AR iopadvv rtl C:/cygwin64/home/grlib-asistmmu-aes/lib/techmap/maps/iopad.vhd sub01/vhpl122 1590169280
AR syncram_2p rtl C:/cygwin64/home/grlib-asistmmu-aes/lib/techmap/maps/syncram_2p.vhd sub01/vhpl124 1590169282
AR unisim_outpad rtl C:/cygwin64/home/grlib-asistmmu-aes/lib/techmap/unisim/pads_unisim.vhd sub00/vhpl66 1590169224
AR syncram128bw rtl C:/cygwin64/home/grlib-asistmmu-aes/lib/techmap/maps/syncram128bw.vhd sub02/vhpl281 1590169440
EN virtex_tap NULL C:/cygwin64/home/grlib-asistmmu-aes/lib/techmap/unisim/tap_unisim.vhd sub01/vhpl149 1590169307
AR lvds_combo rtl C:/cygwin64/home/grlib-asistmmu-aes/lib/techmap/maps/lvds_combo.vhd sub02/vhpl237 1590169396
EN clkrand NULL C:/cygwin64/home/grlib-asistmmu-aes/lib/techmap/maps/clkand.vhd sub02/vhpl204 1590169363
EN artix7_tap NULL C:/cygwin64/home/grlib-asistmmu-aes/lib/techmap/unisim/tap_unisim.vhd sub01/vhpl167 1590169325
AR virtex6_mul_61x61 beh C:/cygwin64/home/grlib-asistmmu-aes/lib/techmap/unisim/mul_unisim.vhd sub01/vhpl144 1590169302
AR virtex4_tap rtl C:/cygwin64/home/grlib-asistmmu-aes/lib/techmap/unisim/tap_unisim.vhd sub01/vhpl156 1590169314
EN nandtree NULL C:/cygwin64/home/grlib-asistmmu-aes/lib/techmap/maps/nandtree.vhd sub02/vhpl228 1590169387
AR clkgen_virtex7 struct C:/cygwin64/home/grlib-asistmmu-aes/lib/techmap/unisim/clkgen_unisim.vhd sub00/vhpl94 1590169252
AR ddrpads rtl C:/cygwin64/home/grlib-asistmmu-aes/lib/techmap/maps/ddrphy.vhd sub02/vhpl211 1590169370
EN syncram_2p NULL C:/cygwin64/home/grlib-asistmmu-aes/lib/techmap/maps/syncram_2p.vhd sub01/vhpl123 1590169281
EN iopadvv NULL C:/cygwin64/home/grlib-asistmmu-aes/lib/techmap/maps/iopad.vhd sub01/vhpl121 1590169279
AR grmux2v rtl C:/cygwin64/home/grlib-asistmmu-aes/lib/techmap/maps/grgates.vhd sub00/vhpl31 1590169189
AR virtex_syncram_dp behav C:/cygwin64/home/grlib-asistmmu-aes/lib/techmap/unisim/memory_virtex.vhd sub00/vhpl43 1590169201
AR toutpadv rtl C:/cygwin64/home/grlib-asistmmu-aes/lib/techmap/maps/toutpad.vhd sub02/vhpl245 1590169404
AR ddr_ireg rtl C:/cygwin64/home/grlib-asistmmu-aes/lib/techmap/maps/ddr_ireg.vhd sub00/vhpl59 1590169217
EN syncfifo_2p NULL C:/cygwin64/home/grlib-asistmmu-aes/lib/techmap/maps/syncfifo_2p.vhd sub02/vhpl222 1590169381
AR ddrphy rtl C:/cygwin64/home/grlib-asistmmu-aes/lib/techmap/maps/ddrphy.vhd sub02/vhpl207 1590169366
EN outpadv NULL C:/cygwin64/home/grlib-asistmmu-aes/lib/techmap/maps/outpad.vhd sub01/vhpl107 1590169265
EN unisim_iopad NULL C:/cygwin64/home/grlib-asistmmu-aes/lib/techmap/unisim/pads_unisim.vhd sub00/vhpl63 1590169221
AR ddr_oreg rtl C:/cygwin64/home/grlib-asistmmu-aes/lib/techmap/maps/ddr_oreg.vhd sub00/vhpl57 1590169215
AR outpadv rtl C:/cygwin64/home/grlib-asistmmu-aes/lib/techmap/maps/outpad.vhd sub01/vhpl108 1590169266
AR clkmux rtl C:/cygwin64/home/grlib-asistmmu-aes/lib/techmap/maps/clkmux.vhd sub01/vhpl170 1590169328
EN outpad_ddrv NULL C:/cygwin64/home/grlib-asistmmu-aes/lib/techmap/maps/outpad_ddr.vhd sub02/vhpl272 1590169431
EN regfile_3p NULL C:/cygwin64/home/grlib-asistmmu-aes/lib/techmap/maps/regfile_3p.vhd sub02/vhpl224 1590169383
AR iopad_ddrvv rtl C:/cygwin64/home/grlib-asistmmu-aes/lib/techmap/maps/iopad_ddr.vhd sub02/vhpl279 1590169438
EN syncram NULL C:/cygwin64/home/grlib-asistmmu-aes/lib/techmap/maps/syncram.vhd sub00/vhpl85 1590169243
EN iopadv NULL C:/cygwin64/home/grlib-asistmmu-aes/lib/techmap/maps/iopad.vhd sub01/vhpl119 1590169277
EN unisim_iopad_ds NULL C:/cygwin64/home/grlib-asistmmu-aes/lib/techmap/unisim/pads_unisim.vhd sub00/vhpl81 1590169239
EN virtex4_clkpad_ds NULL C:/cygwin64/home/grlib-asistmmu-aes/lib/techmap/unisim/pads_unisim.vhd sub00/vhpl79 1590169237
EN outpad NULL C:/cygwin64/home/grlib-asistmmu-aes/lib/techmap/maps/outpad.vhd sub01/vhpl105 1590169263
AR mul_61x61 rtl C:/cygwin64/home/grlib-asistmmu-aes/lib/techmap/maps/mul_61x61.vhd sub02/vhpl257 1590169416
AR syncram64 rtl C:/cygwin64/home/grlib-asistmmu-aes/lib/techmap/maps/syncram64.vhd sub01/vhpl134 1590169292
AR virtex5_ddr2_phy_wo_pads rtl C:/cygwin64/home/grlib-asistmmu-aes/lib/techmap/unisim/ddr_phy_unisim.vhd sub01/vhpl180 1590169338
AR inpad_dsv rtl C:/cygwin64/home/grlib-asistmmu-aes/lib/techmap/maps/inpad_ds.vhd sub01/vhpl148 1590169306
EN clkinv NULL C:/cygwin64/home/grlib-asistmmu-aes/lib/techmap/maps/clkinv.vhd sub02/vhpl200 1590169359
EN iopad_ds NULL C:/cygwin64/home/grlib-asistmmu-aes/lib/techmap/maps/iopad_ds.vhd sub01/vhpl111 1590169269
EN inpad_ddr NULL C:/cygwin64/home/grlib-asistmmu-aes/lib/techmap/maps/inpad_ddr.vhd sub02/vhpl266 1590169425
EN iodpad NULL C:/cygwin64/home/grlib-asistmmu-aes/lib/techmap/maps/iodpad.vhd sub02/vhpl232 1590169391
EN virtex6_tap NULL C:/cygwin64/home/grlib-asistmmu-aes/lib/techmap/unisim/tap_unisim.vhd sub01/vhpl159 1590169317
EN grfpw_net NULL C:/cygwin64/home/grlib-asistmmu-aes/lib/techmap/maps/grfpw_net.vhd sub02/vhpl252 1590169411
EN unisim_syncram128bw NULL C:/cygwin64/home/grlib-asistmmu-aes/lib/techmap/unisim/memory_unisim.vhd sub00/vhpl54 1590169212
EN syncreg NULL C:/cygwin64/home/grlib-asistmmu-aes/lib/techmap/maps/syncreg.vhd sub03/vhpl306 1590169465
AR spartan3_tap rtl C:/cygwin64/home/grlib-asistmmu-aes/lib/techmap/unisim/tap_unisim.vhd sub01/vhpl154 1590169312
EN sysmon_virtex5 NULL C:/cygwin64/home/grlib-asistmmu-aes/lib/techmap/unisim/sysmon_unisim.vhd sub01/vhpl139 1590169297
AR generic_syncram behavioral C:/cygwin64/home/grlib-asistmmu-aes/lib/techmap/inferred/memory_inferred.vhd sub00/vhpl02 1590169160
AR unisim_syncram_dp behav C:/cygwin64/home/grlib-asistmmu-aes/lib/techmap/unisim/memory_unisim.vhd sub00/vhpl47 1590169205
EN clkand_unisim NULL C:/cygwin64/home/grlib-asistmmu-aes/lib/techmap/unisim/clkgen_unisim.vhd sub00/vhpl95 1590169253
AR iopad_ddrv rtl C:/cygwin64/home/grlib-asistmmu-aes/lib/techmap/maps/iopad_ddr.vhd sub02/vhpl277 1590169436
AR inpadv rtl C:/cygwin64/home/grlib-asistmmu-aes/lib/techmap/maps/inpad.vhd sub01/vhpl138 1590169296
EN iopad_dsv NULL C:/cygwin64/home/grlib-asistmmu-aes/lib/techmap/maps/iopad_ds.vhd sub01/vhpl113 1590169271
EN inpad_ddrv NULL C:/cygwin64/home/grlib-asistmmu-aes/lib/techmap/maps/inpad_ddr.vhd sub02/vhpl268 1590169427
EN clkgen_virtex NULL C:/cygwin64/home/grlib-asistmmu-aes/lib/techmap/unisim/clkgen_virtex.vhd sub01/vhpl189 1590169347
AR virtex_tap rtl C:/cygwin64/home/grlib-asistmmu-aes/lib/techmap/unisim/tap_unisim.vhd sub01/vhpl150 1590169308
EN iodpadv NULL C:/cygwin64/home/grlib-asistmmu-aes/lib/techmap/maps/iodpad.vhd sub02/vhpl234 1590169393
EN skew_outpad NULL C:/cygwin64/home/grlib-asistmmu-aes/lib/techmap/maps/skew_outpad.vhd sub02/vhpl248 1590169407
EN sdram_phy NULL C:/cygwin64/home/grlib-asistmmu-aes/lib/techmap/maps/sdram_phy.vhd sub03/vhpl304 1590169463
EN unisim_syncram_dp NULL C:/cygwin64/home/grlib-asistmmu-aes/lib/techmap/unisim/memory_unisim.vhd sub00/vhpl46 1590169204
EN inpad NULL C:/cygwin64/home/grlib-asistmmu-aes/lib/techmap/maps/inpad.vhd sub01/vhpl135 1590169293
AR inpad_ddr rtl C:/cygwin64/home/grlib-asistmmu-aes/lib/techmap/maps/inpad_ddr.vhd sub02/vhpl267 1590169426
AR iopad_ds rtl C:/cygwin64/home/grlib-asistmmu-aes/lib/techmap/maps/iopad_ds.vhd sub01/vhpl112 1590169270
EN clkgen_virtex2 NULL C:/cygwin64/home/grlib-asistmmu-aes/lib/techmap/unisim/clkgen_virtex.vhd sub01/vhpl191 1590169349
AR unisim_syncram behav C:/cygwin64/home/grlib-asistmmu-aes/lib/techmap/unisim/memory_unisim.vhd sub00/vhpl45 1590169203
EN clkgen_virtex5 NULL C:/cygwin64/home/grlib-asistmmu-aes/lib/techmap/unisim/clkgen_unisim.vhd sub00/vhpl91 1590169249
EN clkgen_virtex7 NULL C:/cygwin64/home/grlib-asistmmu-aes/lib/techmap/unisim/clkgen_unisim.vhd sub00/vhpl93 1590169251
PH netcomp NULL C:/cygwin64/home/grlib-asistmmu-aes/lib/techmap/gencomp/netcomp.vhd sub01/vhpl197 1590169356
AR gen_iddr_reg rtl C:/cygwin64/home/grlib-asistmmu-aes/lib/techmap/inferred/ddr_inferred.vhd sub00/vhpl16 1590169174
AR syncram156bw rtl C:/cygwin64/home/grlib-asistmmu-aes/lib/techmap/maps/syncram156bw.vhd sub02/vhpl287 1590169446
EN spartan3e_ddr_phy NULL C:/cygwin64/home/grlib-asistmmu-aes/lib/techmap/unisim/ddr_phy_unisim.vhd sub01/vhpl177 1590169335
AR syncrambw rtl C:/cygwin64/home/grlib-asistmmu-aes/lib/techmap/maps/syncrambw.vhd sub03/vhpl301 1590169460
AR clkpad_ds rtl C:/cygwin64/home/grlib-asistmmu-aes/lib/techmap/maps/clkpad_ds.vhd sub02/vhpl231 1590169390
EN clkmux_xilinx NULL C:/cygwin64/home/grlib-asistmmu-aes/lib/techmap/unisim/buffer_unisim.vhd sub00/vhpl89 1590169247
AR virtex5_tap rtl C:/cygwin64/home/grlib-asistmmu-aes/lib/techmap/unisim/tap_unisim.vhd sub01/vhpl158 1590169316
AR oddrc3e rtl C:/cygwin64/home/grlib-asistmmu-aes/lib/techmap/unisim/ddr_unisim.vhd sub00/vhpl26 1590169184
EN spartan6_tap NULL C:/cygwin64/home/grlib-asistmmu-aes/lib/techmap/unisim/tap_unisim.vhd sub01/vhpl161 1590169319
AR unisim_syncram64 behav C:/cygwin64/home/grlib-asistmmu-aes/lib/techmap/unisim/memory_unisim.vhd sub00/vhpl51 1590169209
EN virtex6_mul_61x61 NULL C:/cygwin64/home/grlib-asistmmu-aes/lib/techmap/unisim/mul_unisim.vhd sub01/vhpl143 1590169301
EN unisim_clkpad NULL C:/cygwin64/home/grlib-asistmmu-aes/lib/techmap/unisim/pads_unisim.vhd sub00/vhpl71 1590169229
AR generic_syncram_2p behav C:/cygwin64/home/grlib-asistmmu-aes/lib/techmap/inferred/memory_inferred.vhd sub00/vhpl06 1590169164
AR gen_oddr_reg rtl C:/cygwin64/home/grlib-asistmmu-aes/lib/techmap/inferred/ddr_inferred.vhd sub00/vhpl18 1590169176
EN iopad_ddrvv NULL C:/cygwin64/home/grlib-asistmmu-aes/lib/techmap/maps/iopad_ddr.vhd sub02/vhpl278 1590169437
EN kintex7_tap NULL C:/cygwin64/home/grlib-asistmmu-aes/lib/techmap/unisim/tap_unisim.vhd sub01/vhpl165 1590169323
EN virtex5_ddr2_phy_wo_pads NULL C:/cygwin64/home/grlib-asistmmu-aes/lib/techmap/unisim/ddr_phy_unisim.vhd sub01/vhpl179 1590169337
AR unisim_skew_outpad rtl C:/cygwin64/home/grlib-asistmmu-aes/lib/techmap/unisim/pads_unisim.vhd sub00/vhpl70 1590169228
EN generic_syncram NULL C:/cygwin64/home/grlib-asistmmu-aes/lib/techmap/inferred/memory_inferred.vhd sub00/vhpl01 1590169159
EN grmux2 NULL C:/cygwin64/home/grlib-asistmmu-aes/lib/techmap/maps/grgates.vhd sub00/vhpl28 1590169186
AR ddr2phy_wo_pads rtl C:/cygwin64/home/grlib-asistmmu-aes/lib/techmap/maps/ddrphy.vhd sub02/vhpl217 1590169376
EN ddrphy_datapath NULL C:/cygwin64/home/grlib-asistmmu-aes/lib/techmap/inferred/ddrphy_datapath.vhd sub00/vhpl99 1590169257
AR syncfifo_2p rtl C:/cygwin64/home/grlib-asistmmu-aes/lib/techmap/maps/syncfifo_2p.vhd sub02/vhpl223 1590169382
EN virtex4_inpad_ds NULL C:/cygwin64/home/grlib-asistmmu-aes/lib/techmap/unisim/pads_unisim.vhd sub00/vhpl77 1590169235
AR grnand2 rtl C:/cygwin64/home/grlib-asistmmu-aes/lib/techmap/maps/grgates.vhd sub00/vhpl39 1590169197
AR unisim_clkpad rtl C:/cygwin64/home/grlib-asistmmu-aes/lib/techmap/unisim/pads_unisim.vhd sub00/vhpl72 1590169230
EN gror2 NULL C:/cygwin64/home/grlib-asistmmu-aes/lib/techmap/maps/grgates.vhd sub00/vhpl34 1590169192
AR iopad_dsv rtl C:/cygwin64/home/grlib-asistmmu-aes/lib/techmap/maps/iopad_ds.vhd sub01/vhpl114 1590169272
AR inpad_ddrv rtl C:/cygwin64/home/grlib-asistmmu-aes/lib/techmap/maps/inpad_ddr.vhd sub02/vhpl269 1590169428
EN scanregio NULL C:/cygwin64/home/grlib-asistmmu-aes/lib/techmap/maps/scanreg.vhd sub02/vhpl298 1590169457
AR kintex7_tap rtl C:/cygwin64/home/grlib-asistmmu-aes/lib/techmap/unisim/tap_unisim.vhd sub01/vhpl166 1590169324
AR iodpadv rtl C:/cygwin64/home/grlib-asistmmu-aes/lib/techmap/maps/iodpad.vhd sub02/vhpl235 1590169394
AR grdff rtl C:/cygwin64/home/grlib-asistmmu-aes/lib/techmap/maps/grgates.vhd sub00/vhpl33 1590169191
EN inpad_dsv NULL C:/cygwin64/home/grlib-asistmmu-aes/lib/techmap/maps/inpad_ds.vhd sub01/vhpl147 1590169305
EN clkgen_spartan3 NULL C:/cygwin64/home/grlib-asistmmu-aes/lib/techmap/unisim/clkgen_virtex.vhd sub01/vhpl195 1590169353
EN virtex2_ddr_phy NULL C:/cygwin64/home/grlib-asistmmu-aes/lib/techmap/unisim/ddr_phy_unisim.vhd sub01/vhpl175 1590169333
AR iopadv rtl C:/cygwin64/home/grlib-asistmmu-aes/lib/techmap/maps/iopad.vhd sub01/vhpl120 1590169278
AR unisim_iopad_ds rtl C:/cygwin64/home/grlib-asistmmu-aes/lib/techmap/unisim/pads_unisim.vhd sub00/vhpl82 1590169240
PH allclkgen NULL C:/cygwin64/home/grlib-asistmmu-aes/lib/techmap/maps/allclkgen.vhd sub00/vhpl13 1590169171
AR virtex4_clkpad_ds rtl C:/cygwin64/home/grlib-asistmmu-aes/lib/techmap/unisim/pads_unisim.vhd sub00/vhpl80 1590169238
EN iopad_ddrv NULL C:/cygwin64/home/grlib-asistmmu-aes/lib/techmap/maps/iopad_ddr.vhd sub02/vhpl276 1590169435
AR grmux2 rtl C:/cygwin64/home/grlib-asistmmu-aes/lib/techmap/maps/grgates.vhd sub00/vhpl29 1590169187
AR ddr2pads rtl C:/cygwin64/home/grlib-asistmmu-aes/lib/techmap/maps/ddrphy.vhd sub02/vhpl213 1590169372
AR grlfpw_net rtl C:/cygwin64/home/grlib-asistmmu-aes/lib/techmap/maps/grlfpw_net.vhd sub02/vhpl251 1590169410
EN iopad_dsvv NULL C:/cygwin64/home/grlib-asistmmu-aes/lib/techmap/maps/iopad_ds.vhd sub01/vhpl115 1590169273
EN clkpad NULL C:/cygwin64/home/grlib-asistmmu-aes/lib/techmap/maps/clkpad.vhd sub01/vhpl109 1590169267
AR iopad_ddr rtl C:/cygwin64/home/grlib-asistmmu-aes/lib/techmap/maps/iopad_ddr.vhd sub02/vhpl275 1590169434
AR syncram128 rtl C:/cygwin64/home/grlib-asistmmu-aes/lib/techmap/maps/syncram128.vhd sub02/vhpl285 1590169444
EN virtex4_mul_61x61 NULL C:/cygwin64/home/grlib-asistmmu-aes/lib/techmap/unisim/mul_unisim.vhd sub01/vhpl141 1590169299
AR generic_regfile_3p rtl C:/cygwin64/home/grlib-asistmmu-aes/lib/techmap/inferred/memory_inferred.vhd sub00/vhpl10 1590169168
EN lvds_combo NULL C:/cygwin64/home/grlib-asistmmu-aes/lib/techmap/maps/lvds_combo.vhd sub02/vhpl236 1590169395
AR unisim_syncram_2p behav C:/cygwin64/home/grlib-asistmmu-aes/lib/techmap/unisim/memory_unisim.vhd sub00/vhpl49 1590169207
AR unisim_toutpad rtl C:/cygwin64/home/grlib-asistmmu-aes/lib/techmap/unisim/pads_unisim.vhd sub00/vhpl68 1590169226
AR virtex4_inpad_ds rtl C:/cygwin64/home/grlib-asistmmu-aes/lib/techmap/unisim/pads_unisim.vhd sub00/vhpl78 1590169236
AR artix7_tap rtl C:/cygwin64/home/grlib-asistmmu-aes/lib/techmap/unisim/tap_unisim.vhd sub01/vhpl168 1590169326
AR clkrand rtl C:/cygwin64/home/grlib-asistmmu-aes/lib/techmap/maps/clkand.vhd sub02/vhpl205 1590169364
AR clkgen_virtex5 struct C:/cygwin64/home/grlib-asistmmu-aes/lib/techmap/unisim/clkgen_unisim.vhd sub00/vhpl92 1590169250
AR syncram256bw rtl C:/cygwin64/home/grlib-asistmmu-aes/lib/techmap/maps/syncram256bw.vhd sub02/vhpl283 1590169442
AR tap rtl C:/cygwin64/home/grlib-asistmmu-aes/lib/techmap/maps/tap.vhd sub02/vhpl227 1590169386
PH gencomp NULL C:/cygwin64/home/grlib-asistmmu-aes/lib/techmap/gencomp/gencomp.vhd sub00/vhpl00 1590169158
AR generic_regfile_4p rtl C:/cygwin64/home/grlib-asistmmu-aes/lib/techmap/inferred/memory_inferred.vhd sub00/vhpl12 1590169170
AR techbuf rtl C:/cygwin64/home/grlib-asistmmu-aes/lib/techmap/maps/techbuf.vhd sub01/vhpl172 1590169330
AR virtex6_tap rtl C:/cygwin64/home/grlib-asistmmu-aes/lib/techmap/unisim/tap_unisim.vhd sub01/vhpl160 1590169318
AR grfpw_net rtl C:/cygwin64/home/grlib-asistmmu-aes/lib/techmap/maps/grfpw_net.vhd sub02/vhpl253 1590169412
AR gen_mult_pipe simple C:/cygwin64/home/grlib-asistmmu-aes/lib/techmap/inferred/mul_inferred.vhd sub01/vhpl132 1590169290
EN spartan3_tap NULL C:/cygwin64/home/grlib-asistmmu-aes/lib/techmap/unisim/tap_unisim.vhd sub01/vhpl153 1590169311
EN grlfpw_net NULL C:/cygwin64/home/grlib-asistmmu-aes/lib/techmap/maps/grlfpw_net.vhd sub02/vhpl250 1590169409
EN unisim_clkpad_ds NULL C:/cygwin64/home/grlib-asistmmu-aes/lib/techmap/unisim/pads_unisim.vhd sub00/vhpl75 1590169233
EN tap NULL C:/cygwin64/home/grlib-asistmmu-aes/lib/techmap/maps/tap.vhd sub02/vhpl226 1590169385
EN syncram256bw NULL C:/cygwin64/home/grlib-asistmmu-aes/lib/techmap/maps/syncram256bw.vhd sub02/vhpl282 1590169441
AR virtex_syncram behav C:/cygwin64/home/grlib-asistmmu-aes/lib/techmap/unisim/memory_virtex.vhd sub00/vhpl41 1590169199
EN clkbuf_xilinx NULL C:/cygwin64/home/grlib-asistmmu-aes/lib/techmap/unisim/buffer_unisim.vhd sub00/vhpl87 1590169245
